Archive member included because of file (symbol)

c:/winavr-20100110/bin/../lib/gcc/avr/4.3.3/../../../../avr/lib/avr5\libm.a(addsf3.o)
                              ./HAL/EF_Health_Care.o (__subsf3)
c:/winavr-20100110/bin/../lib/gcc/avr/4.3.3/../../../../avr/lib/avr5\libm.a(addsf3x.o)
                              c:/winavr-20100110/bin/../lib/gcc/avr/4.3.3/../../../../avr/lib/avr5\libm.a(addsf3.o) (__addsf3x)
c:/winavr-20100110/bin/../lib/gcc/avr/4.3.3/../../../../avr/lib/avr5\libm.a(divsf3.o)
                              ./HAL/EF_Health_Care.o (__divsf3)
c:/winavr-20100110/bin/../lib/gcc/avr/4.3.3/../../../../avr/lib/avr5\libm.a(divsf3x.o)
                              c:/winavr-20100110/bin/../lib/gcc/avr/4.3.3/../../../../avr/lib/avr5\libm.a(divsf3.o) (__divsf3x)
c:/winavr-20100110/bin/../lib/gcc/avr/4.3.3/../../../../avr/lib/avr5\libm.a(fixunssfsi.o)
                              ./HAL/EF_Health_Care.o (__fixunssfsi)
c:/winavr-20100110/bin/../lib/gcc/avr/4.3.3/../../../../avr/lib/avr5\libm.a(floatsisf.o)
                              ./HAL/EF_Health_Care.o (__floatunsisf)
c:/winavr-20100110/bin/../lib/gcc/avr/4.3.3/../../../../avr/lib/avr5\libm.a(fp_inf.o)
                              c:/winavr-20100110/bin/../lib/gcc/avr/4.3.3/../../../../avr/lib/avr5\libm.a(addsf3x.o) (__fp_inf)
c:/winavr-20100110/bin/../lib/gcc/avr/4.3.3/../../../../avr/lib/avr5\libm.a(fp_nan.o)
                              c:/winavr-20100110/bin/../lib/gcc/avr/4.3.3/../../../../avr/lib/avr5\libm.a(addsf3x.o) (__fp_nan)
c:/winavr-20100110/bin/../lib/gcc/avr/4.3.3/../../../../avr/lib/avr5\libm.a(fp_pscA.o)
                              c:/winavr-20100110/bin/../lib/gcc/avr/4.3.3/../../../../avr/lib/avr5\libm.a(addsf3x.o) (__fp_pscA)
c:/winavr-20100110/bin/../lib/gcc/avr/4.3.3/../../../../avr/lib/avr5\libm.a(fp_pscB.o)
                              c:/winavr-20100110/bin/../lib/gcc/avr/4.3.3/../../../../avr/lib/avr5\libm.a(addsf3x.o) (__fp_pscB)
c:/winavr-20100110/bin/../lib/gcc/avr/4.3.3/../../../../avr/lib/avr5\libm.a(fp_round.o)
                              c:/winavr-20100110/bin/../lib/gcc/avr/4.3.3/../../../../avr/lib/avr5\libm.a(addsf3.o) (__fp_round)
c:/winavr-20100110/bin/../lib/gcc/avr/4.3.3/../../../../avr/lib/avr5\libm.a(fp_split3.o)
                              c:/winavr-20100110/bin/../lib/gcc/avr/4.3.3/../../../../avr/lib/avr5\libm.a(addsf3x.o) (__fp_split3)
c:/winavr-20100110/bin/../lib/gcc/avr/4.3.3/../../../../avr/lib/avr5\libm.a(fp_zero.o)
                              c:/winavr-20100110/bin/../lib/gcc/avr/4.3.3/../../../../avr/lib/avr5\libm.a(addsf3x.o) (__fp_zero)
c:/winavr-20100110/bin/../lib/gcc/avr/4.3.3/../../../../avr/lib/avr5\libm.a(gesf2.o)
                              ./HAL/EF_Health_Care.o (__gesf2)
c:/winavr-20100110/bin/../lib/gcc/avr/4.3.3/../../../../avr/lib/avr5\libm.a(log.o)
                              ./HAL/EF_Health_Care.o (log)
c:/winavr-20100110/bin/../lib/gcc/avr/4.3.3/../../../../avr/lib/avr5\libm.a(mulsf3.o)
                              ./HAL/EF_Health_Care.o (__mulsf3)
c:/winavr-20100110/bin/../lib/gcc/avr/4.3.3/../../../../avr/lib/avr5\libm.a(mulsf3x.o)
                              c:/winavr-20100110/bin/../lib/gcc/avr/4.3.3/../../../../avr/lib/avr5\libm.a(log.o) (__mulsf3x)
c:/winavr-20100110/bin/../lib/gcc/avr/4.3.3/../../../../avr/lib/avr5\libm.a(fp_cmp.o)
                              c:/winavr-20100110/bin/../lib/gcc/avr/4.3.3/../../../../avr/lib/avr5\libm.a(gesf2.o) (__fp_cmp)
c:/winavr-20100110/bin/../lib/gcc/avr/4.3.3/../../../../avr/lib/avr5\libm.a(fp_mpack.o)
                              c:/winavr-20100110/bin/../lib/gcc/avr/4.3.3/../../../../avr/lib/avr5\libm.a(log.o) (__fp_mpack)
c:/winavr-20100110/bin/../lib/gcc/avr/4.3.3/../../../../avr/lib/avr5\libm.a(fp_powser.o)
                              c:/winavr-20100110/bin/../lib/gcc/avr/4.3.3/../../../../avr/lib/avr5\libm.a(log.o) (__fp_powser)
c:/winavr-20100110/bin/../lib/gcc/avr/4.3.3/avr5\libgcc.a(_udivmodqi4.o)
                              ./MCAL/EF_UART.o (__udivmodqi4)
c:/winavr-20100110/bin/../lib/gcc/avr/4.3.3/avr5\libgcc.a(_udivmodhi4.o)
                              ./HAL/EF_7Segment.o (__udivmodhi4)
c:/winavr-20100110/bin/../lib/gcc/avr/4.3.3/avr5\libgcc.a(_divmodhi4.o)
                              ./MCAL/EF_PWM.o (__divmodhi4)
c:/winavr-20100110/bin/../lib/gcc/avr/4.3.3/avr5\libgcc.a(_udivmodsi4.o)
                              ./MCAL/EF_UART.o (__udivmodsi4)
c:/winavr-20100110/bin/../lib/gcc/avr/4.3.3/avr5\libgcc.a(_exit.o)
                              c:/winavr-20100110/bin/../lib/gcc/avr/4.3.3/../../../../avr/lib/avr5/crtm32.o (exit)
c:/winavr-20100110/bin/../lib/gcc/avr/4.3.3/avr5\libgcc.a(_copy_data.o)
                              ./MCAL/EF_UART.o (__do_copy_data)
c:/winavr-20100110/bin/../lib/gcc/avr/4.3.3/avr5\libgcc.a(_clear_bss.o)
                              ./MCAL/EF_SpechialTIMER.o (__do_clear_bss)
c:/winavr-20100110/bin/../lib/gcc/avr/4.3.3/../../../../avr/lib/avr5\libc.a(itoa.o)
                              ./MCAL/EF_UART.o (itoa)
c:/winavr-20100110/bin/../lib/gcc/avr/4.3.3/../../../../avr/lib/avr5\libc.a(strrev.o)
                              c:/winavr-20100110/bin/../lib/gcc/avr/4.3.3/../../../../avr/lib/avr5\libc.a(itoa.o) (strrev)

Allocating common symbols
Common symbol       size              file

rate                0x14              ./HAL/EF_Health_Care.o
BPM                 0x2               ./HAL/EF_Health_Care.o

Memory Configuration

Name             Origin             Length             Attributes
text             0x00000000         0x00020000         xr
data             0x00800060         0x0000ffa0         rw !x
eeprom           0x00810000         0x00010000         rw !x
fuse             0x00820000         0x00000400         rw !x
lock             0x00830000         0x00000400         rw !x
signature        0x00840000         0x00000400         rw !x
*default*        0x00000000         0xffffffff

Linker script and memory map

LOAD c:/winavr-20100110/bin/../lib/gcc/avr/4.3.3/../../../../avr/lib/avr5/crtm32.o
LOAD ./MCAL/EF_ADC.o
LOAD ./MCAL/EF_DIO.o
LOAD ./MCAL/EF_EEPROM.o
LOAD ./MCAL/EF_I2C.o
LOAD ./MCAL/EF_InputCapture.o
LOAD ./MCAL/EF_PWM.o
LOAD ./MCAL/EF_SPI.o
LOAD ./MCAL/EF_SpechialTIMER.o
LOAD ./MCAL/EF_Timer.o
LOAD ./MCAL/EF_UART.o
LOAD ./HAL/EF_7Segment.o
LOAD ./HAL/EF_DS1307.o
LOAD ./HAL/EF_E2PROM_24C16.o
LOAD ./HAL/EF_E2PROM_24C64.o
LOAD ./HAL/EF_Green_hit_Test.o
LOAD ./HAL/EF_Health_Care.o
LOAD ./HAL/EF_Keypad.o
LOAD ./HAL/EF_LCD.o
LOAD ./UART.o
LOAD ./main.o
LOAD c:/winavr-20100110/bin/../lib/gcc/avr/4.3.3/../../../../avr/lib/avr5\libm.a
LOAD c:/winavr-20100110/bin/../lib/gcc/avr/4.3.3/avr5\libgcc.a
LOAD c:/winavr-20100110/bin/../lib/gcc/avr/4.3.3/../../../../avr/lib/avr5\libc.a
LOAD c:/winavr-20100110/bin/../lib/gcc/avr/4.3.3/avr5\libgcc.a

.hash
 *(.hash)

.dynsym
 *(.dynsym)

.dynstr
 *(.dynstr)

.gnu.version
 *(.gnu.version)

.gnu.version_d
 *(.gnu.version_d)

.gnu.version_r
 *(.gnu.version_r)

.rel.init
 *(.rel.init)

.rela.init
 *(.rela.init)

.rel.text
 *(.rel.text)
 *(.rel.text.*)
 *(.rel.gnu.linkonce.t*)

.rela.text
 *(.rela.text)
 *(.rela.text.*)
 *(.rela.gnu.linkonce.t*)

.rel.fini
 *(.rel.fini)

.rela.fini
 *(.rela.fini)

.rel.rodata
 *(.rel.rodata)
 *(.rel.rodata.*)
 *(.rel.gnu.linkonce.r*)

.rela.rodata
 *(.rela.rodata)
 *(.rela.rodata.*)
 *(.rela.gnu.linkonce.r*)

.rel.data
 *(.rel.data)
 *(.rel.data.*)
 *(.rel.gnu.linkonce.d*)

.rela.data
 *(.rela.data)
 *(.rela.data.*)
 *(.rela.gnu.linkonce.d*)

.rel.ctors
 *(.rel.ctors)

.rela.ctors
 *(.rela.ctors)

.rel.dtors
 *(.rel.dtors)

.rela.dtors
 *(.rela.dtors)

.rel.got
 *(.rel.got)

.rela.got
 *(.rela.got)

.rel.bss
 *(.rel.bss)

.rela.bss
 *(.rela.bss)

.rel.plt
 *(.rel.plt)

.rela.plt
 *(.rela.plt)

.text           0x00000000     0x2c3e
 *(.vectors)
 .vectors       0x00000000       0x54 c:/winavr-20100110/bin/../lib/gcc/avr/4.3.3/../../../../avr/lib/avr5/crtm32.o
                0x00000000                __vectors
                0x00000000                __vector_default
 *(.vectors)
 *(.progmem.gcc*)
 .progmem.gcc_fplib
                0x00000054       0x5a c:/winavr-20100110/bin/../lib/gcc/avr/4.3.3/../../../../avr/lib/avr5\libm.a(log.o)
 *(.progmem*)
                0x000000ae                . = ALIGN (0x2)
                0x000000ae                __trampolines_start = .
 *(.trampolines)
 .trampolines   0x000000ae        0x0 linker stubs
 *(.trampolines*)
                0x000000ae                __trampolines_end = .
 *(.jumptables)
 *(.jumptables*)
 *(.lowtext)
 *(.lowtext*)
                0x000000ae                __ctors_start = .
 *(.ctors)
                0x000000ae                __ctors_end = .
                0x000000ae                __dtors_start = .
 *(.dtors)
                0x000000ae                __dtors_end = .
 SORT(*)(.ctors)
 SORT(*)(.dtors)
 *(.init0)
 .init0         0x000000ae        0x0 c:/winavr-20100110/bin/../lib/gcc/avr/4.3.3/../../../../avr/lib/avr5/crtm32.o
                0x000000ae                __init
 *(.init0)
 *(.init1)
 *(.init1)
 *(.init2)
 .init2         0x000000ae        0xc c:/winavr-20100110/bin/../lib/gcc/avr/4.3.3/../../../../avr/lib/avr5/crtm32.o
 *(.init2)
 *(.init3)
 *(.init3)
 *(.init4)
 .init4         0x000000ba       0x16 c:/winavr-20100110/bin/../lib/gcc/avr/4.3.3/avr5\libgcc.a(_copy_data.o)
                0x000000ba                __do_copy_data
 .init4         0x000000d0       0x10 c:/winavr-20100110/bin/../lib/gcc/avr/4.3.3/avr5\libgcc.a(_clear_bss.o)
                0x000000d0                __do_clear_bss
 *(.init4)
 *(.init5)
 *(.init5)
 *(.init6)
 *(.init6)
 *(.init7)
 *(.init7)
 *(.init8)
 *(.init8)
 *(.init9)
 .init9         0x000000e0        0x8 c:/winavr-20100110/bin/../lib/gcc/avr/4.3.3/../../../../avr/lib/avr5/crtm32.o
 *(.init9)
 *(.text)
 .text          0x000000e8        0x4 c:/winavr-20100110/bin/../lib/gcc/avr/4.3.3/../../../../avr/lib/avr5/crtm32.o
                0x000000e8                __vector_1
                0x000000e8                __vector_12
                0x000000e8                __bad_interrupt
                0x000000e8                __vector_6
                0x000000e8                __vector_3
                0x000000e8                __vector_13
                0x000000e8                __vector_17
                0x000000e8                __vector_19
                0x000000e8                __vector_7
                0x000000e8                __vector_4
                0x000000e8                __vector_9
                0x000000e8                __vector_2
                0x000000e8                __vector_15
                0x000000e8                __vector_8
                0x000000e8                __vector_14
                0x000000e8                __vector_10
                0x000000e8                __vector_16
                0x000000e8                __vector_18
                0x000000e8                __vector_20
 .text          0x000000ec        0x0 ./MCAL/EF_ADC.o
 .text          0x000000ec        0x0 ./MCAL/EF_DIO.o
 .text          0x000000ec        0x0 ./MCAL/EF_EEPROM.o
 .text          0x000000ec        0x0 ./MCAL/EF_I2C.o
 .text          0x000000ec        0x0 ./MCAL/EF_InputCapture.o
 .text          0x000000ec        0x0 ./MCAL/EF_PWM.o
 .text          0x000000ec        0x0 ./MCAL/EF_SPI.o
 .text          0x000000ec        0x0 ./MCAL/EF_SpechialTIMER.o
 .text          0x000000ec        0x0 ./MCAL/EF_Timer.o
 .text          0x000000ec        0x0 ./MCAL/EF_UART.o
 .text          0x000000ec        0x0 ./HAL/EF_7Segment.o
 .text          0x000000ec        0x0 ./HAL/EF_DS1307.o
 .text          0x000000ec        0x0 ./HAL/EF_E2PROM_24C16.o
 .text          0x000000ec        0x0 ./HAL/EF_E2PROM_24C64.o
 .text          0x000000ec        0x0 ./HAL/EF_Green_hit_Test.o
 .text          0x000000ec        0x0 ./HAL/EF_Health_Care.o
 .text          0x000000ec        0x0 ./HAL/EF_Keypad.o
 .text          0x000000ec        0x0 ./HAL/EF_LCD.o
 .text          0x000000ec        0x0 ./UART.o
 .text          0x000000ec        0x0 ./main.o
 .text          0x000000ec        0x0 c:/winavr-20100110/bin/../lib/gcc/avr/4.3.3/../../../../avr/lib/avr5\libm.a(addsf3.o)
 .text          0x000000ec        0x0 c:/winavr-20100110/bin/../lib/gcc/avr/4.3.3/../../../../avr/lib/avr5\libm.a(addsf3x.o)
 .text          0x000000ec        0x0 c:/winavr-20100110/bin/../lib/gcc/avr/4.3.3/../../../../avr/lib/avr5\libm.a(divsf3.o)
 .text          0x000000ec        0x0 c:/winavr-20100110/bin/../lib/gcc/avr/4.3.3/../../../../avr/lib/avr5\libm.a(divsf3x.o)
 .text          0x000000ec        0x0 c:/winavr-20100110/bin/../lib/gcc/avr/4.3.3/../../../../avr/lib/avr5\libm.a(fixunssfsi.o)
 .text          0x000000ec        0x0 c:/winavr-20100110/bin/../lib/gcc/avr/4.3.3/../../../../avr/lib/avr5\libm.a(floatsisf.o)
 .text          0x000000ec        0x0 c:/winavr-20100110/bin/../lib/gcc/avr/4.3.3/../../../../avr/lib/avr5\libm.a(fp_inf.o)
 .text          0x000000ec        0x0 c:/winavr-20100110/bin/../lib/gcc/avr/4.3.3/../../../../avr/lib/avr5\libm.a(fp_nan.o)
 .text          0x000000ec        0x0 c:/winavr-20100110/bin/../lib/gcc/avr/4.3.3/../../../../avr/lib/avr5\libm.a(fp_pscA.o)
 .text          0x000000ec        0x0 c:/winavr-20100110/bin/../lib/gcc/avr/4.3.3/../../../../avr/lib/avr5\libm.a(fp_pscB.o)
 .text          0x000000ec        0x0 c:/winavr-20100110/bin/../lib/gcc/avr/4.3.3/../../../../avr/lib/avr5\libm.a(fp_round.o)
 .text          0x000000ec        0x0 c:/winavr-20100110/bin/../lib/gcc/avr/4.3.3/../../../../avr/lib/avr5\libm.a(fp_split3.o)
 .text          0x000000ec        0x0 c:/winavr-20100110/bin/../lib/gcc/avr/4.3.3/../../../../avr/lib/avr5\libm.a(fp_zero.o)
 .text          0x000000ec        0x0 c:/winavr-20100110/bin/../lib/gcc/avr/4.3.3/../../../../avr/lib/avr5\libm.a(gesf2.o)
 .text          0x000000ec        0x0 c:/winavr-20100110/bin/../lib/gcc/avr/4.3.3/../../../../avr/lib/avr5\libm.a(log.o)
 .text          0x000000ec        0x0 c:/winavr-20100110/bin/../lib/gcc/avr/4.3.3/../../../../avr/lib/avr5\libm.a(mulsf3.o)
 .text          0x000000ec        0x0 c:/winavr-20100110/bin/../lib/gcc/avr/4.3.3/../../../../avr/lib/avr5\libm.a(mulsf3x.o)
 .text          0x000000ec        0x0 c:/winavr-20100110/bin/../lib/gcc/avr/4.3.3/../../../../avr/lib/avr5\libm.a(fp_cmp.o)
 .text          0x000000ec        0x0 c:/winavr-20100110/bin/../lib/gcc/avr/4.3.3/../../../../avr/lib/avr5\libm.a(fp_mpack.o)
 .text          0x000000ec        0x0 c:/winavr-20100110/bin/../lib/gcc/avr/4.3.3/../../../../avr/lib/avr5\libm.a(fp_powser.o)
 .text          0x000000ec        0x0 c:/winavr-20100110/bin/../lib/gcc/avr/4.3.3/avr5\libgcc.a(_udivmodqi4.o)
 .text          0x000000ec        0x0 c:/winavr-20100110/bin/../lib/gcc/avr/4.3.3/avr5\libgcc.a(_udivmodhi4.o)
 .text          0x000000ec        0x0 c:/winavr-20100110/bin/../lib/gcc/avr/4.3.3/avr5\libgcc.a(_divmodhi4.o)
 .text          0x000000ec        0x0 c:/winavr-20100110/bin/../lib/gcc/avr/4.3.3/avr5\libgcc.a(_udivmodsi4.o)
 .text          0x000000ec        0x0 c:/winavr-20100110/bin/../lib/gcc/avr/4.3.3/avr5\libgcc.a(_exit.o)
 .text          0x000000ec        0x0 c:/winavr-20100110/bin/../lib/gcc/avr/4.3.3/avr5\libgcc.a(_copy_data.o)
 .text          0x000000ec        0x0 c:/winavr-20100110/bin/../lib/gcc/avr/4.3.3/avr5\libgcc.a(_clear_bss.o)
 .text          0x000000ec        0x0 c:/winavr-20100110/bin/../lib/gcc/avr/4.3.3/../../../../avr/lib/avr5\libc.a(itoa.o)
 .text          0x000000ec        0x0 c:/winavr-20100110/bin/../lib/gcc/avr/4.3.3/../../../../avr/lib/avr5\libc.a(strrev.o)
                0x000000ec                . = ALIGN (0x2)
 *(.text.*)
 .text.EF_void_ADC_init
                0x000000ec       0x14 ./MCAL/EF_ADC.o
                0x000000ec                EF_void_ADC_init
 .text.EF_u16_ADC_read
                0x00000100       0x20 ./MCAL/EF_ADC.o
                0x00000100                EF_u16_ADC_read
 .text.EF_S8_DIO_InitPort
                0x00000120       0x44 ./MCAL/EF_DIO.o
                0x00000120                EF_S8_DIO_InitPort
 .text.EF_S8_DIO_WritePort
                0x00000164       0x54 ./MCAL/EF_DIO.o
                0x00000164                EF_S8_DIO_WritePort
 .text.EF_S16_DIO_ReadPort
                0x000001b8       0x58 ./MCAL/EF_DIO.o
                0x000001b8                EF_S16_DIO_ReadPort
 .text.EF_B_DIO_InitPin
                0x00000210      0x122 ./MCAL/EF_DIO.o
                0x00000210                EF_B_DIO_InitPin
 .text.EF_S8_DIO_SetPin
                0x00000332       0x92 ./MCAL/EF_DIO.o
                0x00000332                EF_S8_DIO_SetPin
 .text.EF_S8_DIO_ClearPin
                0x000003c4       0x9c ./MCAL/EF_DIO.o
                0x000003c4                EF_S8_DIO_ClearPin
 .text.EF_S8_DIO_SetPort
                0x00000460       0x4c ./MCAL/EF_DIO.o
                0x00000460                EF_S8_DIO_SetPort
 .text.EF_S8_DIO_ClearPort
                0x000004ac       0x44 ./MCAL/EF_DIO.o
                0x000004ac                EF_S8_DIO_ClearPort
 .text.EF_S8_DIO_TogglePin
                0x000004f0       0x92 ./MCAL/EF_DIO.o
                0x000004f0                EF_S8_DIO_TogglePin
 .text.EF_S8_DIO_CheckPin
                0x00000582       0x66 ./MCAL/EF_DIO.o
                0x00000582                EF_S8_DIO_CheckPin
 .text.EF_void_EEPROM_WriteByte
                0x000005e8       0x10 ./MCAL/EF_EEPROM.o
                0x000005e8                EF_void_EEPROM_WriteByte
 .text.EF_u8_EPROM_ReadByte
                0x000005f8       0x16 ./MCAL/EF_EEPROM.o
                0x000005f8                EF_u8_EPROM_ReadByte
 .text.EF_void_EEPROM_WriteNBytes
                0x0000060e       0x48 ./MCAL/EF_EEPROM.o
                0x0000060e                EF_void_EEPROM_WriteNBytes
 .text.EF_void_EEPROM_ReadNBytes
                0x00000656       0x36 ./MCAL/EF_EEPROM.o
                0x00000656                EF_void_EEPROM_ReadNBytes
 .text.EF_void_EEPROM_Erase
                0x0000068c       0x20 ./MCAL/EF_EEPROM.o
                0x0000068c                EF_void_EEPROM_Erase
 .text.EF_void_I2C_Write
                0x000006ac        0xe ./MCAL/EF_I2C.o
                0x000006ac                EF_void_I2C_Write
 .text.EF_void_I2C_Start
                0x000006ba        0xc ./MCAL/EF_I2C.o
                0x000006ba                EF_void_I2C_Start
 .text.EF_void_I2C_Stop
                0x000006c6        0x6 ./MCAL/EF_I2C.o
                0x000006c6                EF_void_I2C_Stop
 .text.EF_void_I2C_Init
                0x000006cc        0xc ./MCAL/EF_I2C.o
                0x000006cc                EF_void_I2C_Init
 .text.EF_U8_I2C_Read_Byte
                0x000006d8       0x1e ./MCAL/EF_I2C.o
                0x000006d8                EF_U8_I2C_Read_Byte
 .text.EF_void_InputCapture_Init
                0x000006f6        0x4 ./MCAL/EF_InputCapture.o
                0x000006f6                EF_void_InputCapture_Init
 .text.EF_BOOLEAN_InputCapture_GetPeriod
                0x000006fa       0xb6 ./MCAL/EF_InputCapture.o
                0x000006fa                EF_BOOLEAN_InputCapture_GetPeriod
 .text.EF_BOOLEAN_InputCapture_GetPulse
                0x000007b0       0xba ./MCAL/EF_InputCapture.o
                0x000007b0                EF_BOOLEAN_InputCapture_GetPulse
 .text.EF_void_PWM_init
                0x0000086a       0x50 ./MCAL/EF_PWM.o
                0x0000086a                EF_void_PWM_init
 .text.EF_void_PWM_SetDutyValue
                0x000008ba       0x28 ./MCAL/EF_PWM.o
                0x000008ba                EF_void_PWM_SetDutyValue
 .text.EF_void_PWM_SetDutyCycle
                0x000008e2       0x22 ./MCAL/EF_PWM.o
                0x000008e2                EF_void_PWM_SetDutyCycle
 .text.EF_SpiTransfer
                0x00000904        0xa ./MCAL/EF_SPI.o
                0x00000904                EF_SpiTransfer
 .text.EF_BOOLEAN_SpiTransfer
                0x0000090e       0x3c ./MCAL/EF_SPI.o
                0x0000090e                EF_BOOLEAN_SpiTransfer
 .text.EF_SpiInit
                0x0000094a       0x20 ./MCAL/EF_SPI.o
                0x0000094a                EF_SpiInit
 .text.EF_void_TimerDelete
                0x0000096a       0x34 ./MCAL/EF_SpechialTIMER.o
                0x0000096a                EF_void_TimerDelete
 .text.EF_void_TimerCreate
                0x0000099e       0x3e ./MCAL/EF_SpechialTIMER.o
                0x0000099e                EF_void_TimerCreate
 .text.EF_void_TimersUpdate
                0x000009dc       0x5a ./MCAL/EF_SpechialTIMER.o
                0x000009dc                EF_void_TimersUpdate
 .text.EF_void_TimerISRCallback
                0x00000a36        0x6 ./MCAL/EF_SpechialTIMER.o
 .text.EF_BOOLEAN_TimerCheck
                0x00000a3c       0x20 ./MCAL/EF_SpechialTIMER.o
                0x00000a3c                EF_BOOLEAN_TimerCheck
 .text.EF_void_TimerStart
                0x00000a5c       0x22 ./MCAL/EF_SpechialTIMER.o
                0x00000a5c                EF_void_TimerStart
 .text.EF_void_TimerStop
                0x00000a7e       0x18 ./MCAL/EF_SpechialTIMER.o
                0x00000a7e                EF_void_TimerStop
 .text.EF_void_TimerReset
                0x00000a96       0x1a ./MCAL/EF_SpechialTIMER.o
                0x00000a96                EF_void_TimerReset
 .text.EF_void_TimerInit
                0x00000ab0       0x40 ./MCAL/EF_SpechialTIMER.o
                0x00000ab0                EF_void_TimerInit
 .text.EF_void_Timer_PORTinit
                0x00000af0       0x1a ./MCAL/EF_Timer.o
                0x00000af0                EF_void_Timer_PORTinit
 .text.EF_void_Timer_SetISRCallBack
                0x00000b0a        0xa ./MCAL/EF_Timer.o
                0x00000b0a                EF_void_Timer_SetISRCallBack
 .text.EF_void_Timer_RemoveTimerISRCallBack
                0x00000b14        0xa ./MCAL/EF_Timer.o
                0x00000b14                EF_void_Timer_RemoveTimerISRCallBack
 .text.__vector_5
                0x00000b1e       0x5c ./MCAL/EF_Timer.o
                0x00000b1e                __vector_5
 .text.EF_u8_UART_WaitChar
                0x00000b7a        0x8 ./MCAL/EF_UART.o
                0x00000b7a                EF_u8_UART_WaitChar
 .text.EF_void_UART_PutChar
                0x00000b82        0x8 ./MCAL/EF_UART.o
                0x00000b82                EF_void_UART_PutChar
 .text.EF_void_UART_SendArray
                0x00000b8a       0x18 ./MCAL/EF_UART.o
                0x00000b8a                EF_void_UART_SendArray
 .text.EF_void_UART_SendString
                0x00000ba2       0x1a ./MCAL/EF_UART.o
                0x00000ba2                EF_void_UART_SendString
 .text.EF_void_UART_SendNewLine
                0x00000bbc       0x12 ./MCAL/EF_UART.o
                0x00000bbc                EF_void_UART_SendNewLine
 .text.EF_void_UART_update_time
                0x00000bce       0xec ./MCAL/EF_UART.o
                0x00000bce                EF_void_UART_update_time
 .text.EF_void_UART_Send_Integer
                0x00000cba       0x5c ./MCAL/EF_UART.o
                0x00000cba                EF_void_UART_Send_Integer
 .text.EF_void_UART_Send_data_PBM
                0x00000d16       0x6e ./MCAL/EF_UART.o
                0x00000d16                EF_void_UART_Send_data_PBM
 .text.EF_void_UART_Send_data_temp
                0x00000d84       0x86 ./MCAL/EF_UART.o
                0x00000d84                EF_void_UART_Send_data_temp
 .text.EF_BOOLEAN_UART_PutChar
                0x00000e0a       0x34 ./MCAL/EF_UART.o
                0x00000e0a                EF_BOOLEAN_UART_PutChar
 .text.EF_BOOLEAN_UART_GetChar
                0x00000e3e       0x38 ./MCAL/EF_UART.o
                0x00000e3e                EF_BOOLEAN_UART_GetChar
 .text.EF_void_UART_Init
                0x00000e76       0xaa ./MCAL/EF_UART.o
                0x00000e76                EF_void_UART_Init
 .text.EF_7SegmentWriteData
                0x00000f20        0xa ./HAL/EF_7Segment.o
                0x00000f20                EF_7SegmentWriteData
 .text.EF_void_Segment_Display
                0x00000f2a      0x136 ./HAL/EF_7Segment.o
                0x00000f2a                EF_void_Segment_Display
 .text.EF_void_Segment_Init
                0x00001060       0x52 ./HAL/EF_7Segment.o
                0x00001060                EF_void_Segment_Init
 .text.DecToBcdConvert
                0x000010b2       0x14 ./HAL/EF_DS1307.o
 .text.LCD_update_time
                0x000010c6       0xe4 ./HAL/EF_DS1307.o
                0x000010c6                LCD_update_time
 .text.EF_void_DS1307_SetDate
                0x000011aa       0x52 ./HAL/EF_DS1307.o
                0x000011aa                EF_void_DS1307_SetDate
 .text.EF_void_DS1307_SetTime
                0x000011fc       0x52 ./HAL/EF_DS1307.o
                0x000011fc                EF_void_DS1307_SetTime
 .text.EF_void_DS1307_GetDate
                0x0000124e       0x9a ./HAL/EF_DS1307.o
                0x0000124e                EF_void_DS1307_GetDate
 .text.EF_void_DS1307_GetTime
                0x000012e8       0x9a ./HAL/EF_DS1307.o
                0x000012e8                EF_void_DS1307_GetTime
 .text.EF_void_DS1307_Init
                0x00001382       0x28 ./HAL/EF_DS1307.o
                0x00001382                EF_void_DS1307_Init
 .text.EF_void_EEPROM24C16_Read_Byte
                0x000013aa       0x38 ./HAL/EF_E2PROM_24C16.o
                0x000013aa                EF_void_EEPROM24C16_Read_Byte
 .text.EF_void_EEPROM24C16_Write_Byte
                0x000013e2       0x36 ./HAL/EF_E2PROM_24C16.o
                0x000013e2                EF_void_EEPROM24C16_Write_Byte
 .text.EF_void_EEPROM24C16_Init
                0x00001418        0x6 ./HAL/EF_E2PROM_24C16.o
                0x00001418                EF_void_EEPROM24C16_Init
 .text.EF_u8_EEPROM24C64_Read_Byte
                0x0000141e       0x6c ./HAL/EF_E2PROM_24C64.o
                0x0000141e                EF_u8_EEPROM24C64_Read_Byte
 .text.EF_u8_EEPROM24C64_Write_Byte
                0x0000148a       0x60 ./HAL/EF_E2PROM_24C64.o
                0x0000148a                EF_u8_EEPROM24C64_Write_Byte
 .text.EF_void_EEPROM24C64_Init
                0x000014ea        0x6 ./HAL/EF_E2PROM_24C64.o
                0x000014ea                EF_void_EEPROM24C64_Init
 .text.EF_Green_Kit_KeyPad_test
                0x000014f0       0x9e ./HAL/EF_Green_hit_Test.o
                0x000014f0                EF_Green_Kit_KeyPad_test
 .text.EF_Green_Kit_ADC_Test
                0x0000158e       0xaa ./HAL/EF_Green_hit_Test.o
                0x0000158e                EF_Green_Kit_ADC_Test
 .text.EF_Green_Kit_7Seg_Test
                0x00001638       0x96 ./HAL/EF_Green_hit_Test.o
                0x00001638                EF_Green_Kit_7Seg_Test
 .text.EF_Green_Kit_Buzzer_test
                0x000016ce       0x86 ./HAL/EF_Green_hit_Test.o
                0x000016ce                EF_Green_Kit_Buzzer_test
 .text.EF_Green_Kit_Leds_Relay_test
                0x00001754      0x1f2 ./HAL/EF_Green_hit_Test.o
                0x00001754                EF_Green_Kit_Leds_Relay_test
 .text.EF_KIT_Inti
                0x00001946       0x84 ./HAL/EF_Green_hit_Test.o
                0x00001946                EF_KIT_Inti
 .text.EF_Timr0_Inter_Setup
                0x000019ca       0x14 ./HAL/EF_Health_Care.o
                0x000019ca                EF_Timr0_Inter_Setup
 .text.EF_Health_Care_Heart_Pulse_Read
                0x000019de      0x3d8 ./HAL/EF_Health_Care.o
                0x000019de                EF_Health_Care_Heart_Pulse_Read
 .text.EF_Health_Care_Temp_Read
                0x00001db6      0x18e ./HAL/EF_Health_Care.o
                0x00001db6                EF_Health_Care_Temp_Read
 .text.__vector_11
                0x00001f44       0xae ./HAL/EF_Health_Care.o
                0x00001f44                __vector_11
 .text.EF_Health_Care_system_int
                0x00001ff2        0x6 ./HAL/EF_Health_Care.o
                0x00001ff2                EF_Health_Care_system_int
 .text.EF_u8_KeyPad_Scan
                0x00001ff8       0xe0 ./HAL/EF_Keypad.o
                0x00001ff8                EF_u8_KeyPad_Scan
 .text.EF_void_KeyPad_Init
                0x000020d8       0x56 ./HAL/EF_Keypad.o
                0x000020d8                EF_void_KeyPad_Init
 .text.EF_void_LCD_send_command
                0x0000212e       0x50 ./HAL/EF_LCD.o
                0x0000212e                EF_void_LCD_send_command
 .text.EF_void_LCD_send_data
                0x0000217e       0x50 ./HAL/EF_LCD.o
                0x0000217e                EF_void_LCD_send_data
 .text.EF_void_LCD_goto
                0x000021ce       0x42 ./HAL/EF_LCD.o
                0x000021ce                EF_void_LCD_goto
 .text.EF_void_LCD_print
                0x00002210       0x26 ./HAL/EF_LCD.o
                0x00002210                EF_void_LCD_print
 .text.EF_void_LCD_print_ByLength
                0x00002236       0x26 ./HAL/EF_LCD.o
                0x00002236                EF_void_LCD_print_ByLength
 .text.EF_void_LCD_Clear_Screen
                0x0000225c       0x16 ./HAL/EF_LCD.o
                0x0000225c                EF_void_LCD_Clear_Screen
 .text.EF_void_uploadCustomChar
                0x00002272       0x3c ./HAL/EF_LCD.o
                0x00002272                EF_void_uploadCustomChar
 .text.EF_void_LCD_HextoASCII
                0x000022ae       0x32 ./HAL/EF_LCD.o
                0x000022ae                EF_void_LCD_HextoASCII
 .text.LCD_4BIT_Write_Init
                0x000022e0       0x18 ./HAL/EF_LCD.o
                0x000022e0                LCD_4BIT_Write_Init
 .text.EF_void_LCD_init
                0x000022f8       0x72 ./HAL/EF_LCD.o
                0x000022f8                EF_void_LCD_init
 .text.EF_void_LCD_Newline
                0x0000236a       0x10 ./HAL/EF_LCD.o
                0x0000236a                EF_void_LCD_Newline
 .text.EF_void_LCD_print_Number
                0x0000237a       0x74 ./HAL/EF_LCD.o
                0x0000237a                EF_void_LCD_print_Number
 .text.EF_void_LCD_print_NUM
                0x000023ee       0x90 ./HAL/EF_LCD.o
                0x000023ee                EF_void_LCD_print_NUM
 .text.init_UART
                0x0000247e       0x10 ./UART.o
                0x0000247e                init_UART
 .text.UART_SendChar
                0x0000248e        0x8 ./UART.o
                0x0000248e                UART_SendChar
 .text.UART_getChar
                0x00002496        0x8 ./UART.o
                0x00002496                UART_getChar
 .text.UART_SEND_string
                0x0000249e       0x14 ./UART.o
                0x0000249e                UART_SEND_string
 .text.UART_SEND_number
                0x000024b2       0x44 ./UART.o
                0x000024b2                UART_SEND_number
 .text.main     0x000024f6      0x124 ./main.o
                0x000024f6                main
 .text.avr-libc.fplib
                0x0000261a        0xa c:/winavr-20100110/bin/../lib/gcc/avr/4.3.3/../../../../avr/lib/avr5\libm.a(addsf3.o)
                0x0000261a                __subsf3
                0x0000261c                __addsf3
 .text.avr-libc.fplib
                0x00002624       0xc0 c:/winavr-20100110/bin/../lib/gcc/avr/4.3.3/../../../../avr/lib/avr5\libm.a(addsf3x.o)
                0x0000263e                __addsf3x
 .text.avr-libc.fplib
                0x000026e4        0x4 c:/winavr-20100110/bin/../lib/gcc/avr/4.3.3/../../../../avr/lib/avr5\libm.a(divsf3.o)
                0x000026e4                __divsf3
 .text.avr-libc.fplib
                0x000026e8       0xcc c:/winavr-20100110/bin/../lib/gcc/avr/4.3.3/../../../../avr/lib/avr5\libm.a(divsf3x.o)
                0x000026fe                __divsf3x
                0x00002702                __divsf3_pse
 .text.avr-libc.fplib
                0x000027b4       0x58 c:/winavr-20100110/bin/../lib/gcc/avr/4.3.3/../../../../avr/lib/avr5\libm.a(fixunssfsi.o)
                0x000027b4                __fixunssfsi
 .text.avr-libc.fplib
                0x0000280c       0x7a c:/winavr-20100110/bin/../lib/gcc/avr/4.3.3/../../../../avr/lib/avr5\libm.a(floatsisf.o)
                0x00002810                __floatsisf
                0x0000280c                __floatunsisf
 .text.avr-libc.fplib
                0x00002886        0xc c:/winavr-20100110/bin/../lib/gcc/avr/4.3.3/../../../../avr/lib/avr5\libm.a(fp_inf.o)
                0x00002886                __fp_inf
 .text.avr-libc.fplib
                0x00002892        0x6 c:/winavr-20100110/bin/../lib/gcc/avr/4.3.3/../../../../avr/lib/avr5\libm.a(fp_nan.o)
                0x00002892                __fp_nan
 .text.avr-libc.fplib
                0x00002898        0xe c:/winavr-20100110/bin/../lib/gcc/avr/4.3.3/../../../../avr/lib/avr5\libm.a(fp_pscA.o)
                0x00002898                __fp_pscA
 .text.avr-libc.fplib
                0x000028a6        0xe c:/winavr-20100110/bin/../lib/gcc/avr/4.3.3/../../../../avr/lib/avr5\libm.a(fp_pscB.o)
                0x000028a6                __fp_pscB
 .text.avr-libc.fplib
                0x000028b4       0x22 c:/winavr-20100110/bin/../lib/gcc/avr/4.3.3/../../../../avr/lib/avr5\libm.a(fp_round.o)
                0x000028b4                __fp_round
 .text.avr-libc.fplib
                0x000028d6       0x44 c:/winavr-20100110/bin/../lib/gcc/avr/4.3.3/../../../../avr/lib/avr5\libm.a(fp_split3.o)
                0x000028d6                __fp_split3
                0x000028e6                __fp_splitA
 .text.avr-libc.fplib
                0x0000291a        0xe c:/winavr-20100110/bin/../lib/gcc/avr/4.3.3/../../../../avr/lib/avr5\libm.a(fp_zero.o)
                0x0000291a                __fp_zero
                0x0000291c                __fp_szero
 .text.avr-libc.fplib
                0x00002928        0x8 c:/winavr-20100110/bin/../lib/gcc/avr/4.3.3/../../../../avr/lib/avr5\libm.a(gesf2.o)
                0x00002928                __gtsf2
                0x00002928                __gesf2
 .text.avr-libc.fplib
                0x00002930       0x8a c:/winavr-20100110/bin/../lib/gcc/avr/4.3.3/../../../../avr/lib/avr5\libm.a(log.o)
                0x0000293a                log
 .text.avr-libc.fplib
                0x000029ba        0x4 c:/winavr-20100110/bin/../lib/gcc/avr/4.3.3/../../../../avr/lib/avr5\libm.a(mulsf3.o)
                0x000029ba                __mulsf3
 .text.avr-libc.fplib
                0x000029be       0xc2 c:/winavr-20100110/bin/../lib/gcc/avr/4.3.3/../../../../avr/lib/avr5\libm.a(mulsf3x.o)
                0x000029d6                __mulsf3_pse
                0x000029d2                __mulsf3x
 .text.avr-libc.fplib
                0x00002a80       0x48 c:/winavr-20100110/bin/../lib/gcc/avr/4.3.3/../../../../avr/lib/avr5\libm.a(fp_cmp.o)
                0x00002a80                __fp_cmp
 .text.avr-libc.fplib
                0x00002ac8       0x1c c:/winavr-20100110/bin/../lib/gcc/avr/4.3.3/../../../../avr/lib/avr5\libm.a(fp_mpack.o)
                0x00002acc                __fp_mpack_finite
                0x00002ac8                __fp_mpack
 .text.avr-libc.fplib
                0x00002ae4       0x4a c:/winavr-20100110/bin/../lib/gcc/avr/4.3.3/../../../../avr/lib/avr5\libm.a(fp_powser.o)
                0x00002ae4                __fp_powser
 .text.libgcc   0x00002b2e       0x18 c:/winavr-20100110/bin/../lib/gcc/avr/4.3.3/avr5\libgcc.a(_udivmodqi4.o)
                0x00002b2e                __udivmodqi4
 .text.libgcc   0x00002b46       0x28 c:/winavr-20100110/bin/../lib/gcc/avr/4.3.3/avr5\libgcc.a(_udivmodhi4.o)
                0x00002b46                __udivmodhi4
 .text.libgcc   0x00002b6e       0x26 c:/winavr-20100110/bin/../lib/gcc/avr/4.3.3/avr5\libgcc.a(_divmodhi4.o)
                0x00002b6e                __divmodhi4
                0x00002b6e                _div
 .text.libgcc   0x00002b94       0x44 c:/winavr-20100110/bin/../lib/gcc/avr/4.3.3/avr5\libgcc.a(_udivmodsi4.o)
                0x00002b94                __udivmodsi4
 .text.libgcc   0x00002bd8        0x0 c:/winavr-20100110/bin/../lib/gcc/avr/4.3.3/avr5\libgcc.a(_exit.o)
 .text.libgcc   0x00002bd8        0x0 c:/winavr-20100110/bin/../lib/gcc/avr/4.3.3/avr5\libgcc.a(_copy_data.o)
 .text.libgcc   0x00002bd8        0x0 c:/winavr-20100110/bin/../lib/gcc/avr/4.3.3/avr5\libgcc.a(_clear_bss.o)
 .text.avr-libc
                0x00002bd8       0x42 c:/winavr-20100110/bin/../lib/gcc/avr/4.3.3/../../../../avr/lib/avr5\libc.a(itoa.o)
                0x00002bd8                itoa
 .text.avr-libc
                0x00002c1a       0x20 c:/winavr-20100110/bin/../lib/gcc/avr/4.3.3/../../../../avr/lib/avr5\libc.a(strrev.o)
                0x00002c1a                strrev
                0x00002c3a                . = ALIGN (0x2)
 *(.fini9)
 .fini9         0x00002c3a        0x0 c:/winavr-20100110/bin/../lib/gcc/avr/4.3.3/avr5\libgcc.a(_exit.o)
                0x00002c3a                exit
                0x00002c3a                _exit
 *(.fini9)
 *(.fini8)
 *(.fini8)
 *(.fini7)
 *(.fini7)
 *(.fini6)
 *(.fini6)
 *(.fini5)
 *(.fini5)
 *(.fini4)
 *(.fini4)
 *(.fini3)
 *(.fini3)
 *(.fini2)
 *(.fini2)
 *(.fini1)
 *(.fini1)
 *(.fini0)
 .fini0         0x00002c3a        0x4 c:/winavr-20100110/bin/../lib/gcc/avr/4.3.3/avr5\libgcc.a(_exit.o)
 *(.fini0)
                0x00002c3e                _etext = .

.data           0x00800060      0x22e load address 0x00002c3e
                0x00800060                PROVIDE (__data_start, .)
 *(.data)
 .data          0x00800060        0x0 c:/winavr-20100110/bin/../lib/gcc/avr/4.3.3/../../../../avr/lib/avr5/crtm32.o
 .data          0x00800060        0x0 ./MCAL/EF_ADC.o
 .data          0x00800060        0x0 ./MCAL/EF_DIO.o
 .data          0x00800060        0x0 ./MCAL/EF_EEPROM.o
 .data          0x00800060        0x0 ./MCAL/EF_I2C.o
 .data          0x00800060        0x0 ./MCAL/EF_InputCapture.o
 .data          0x00800060        0x0 ./MCAL/EF_PWM.o
 .data          0x00800060        0x0 ./MCAL/EF_SPI.o
 .data          0x00800060        0x0 ./MCAL/EF_SpechialTIMER.o
 .data          0x00800060        0x0 ./MCAL/EF_Timer.o
 .data          0x00800060       0x26 ./MCAL/EF_UART.o
 .data          0x00800086        0x0 ./HAL/EF_7Segment.o
 .data          0x00800086        0x0 ./HAL/EF_DS1307.o
 .data          0x00800086        0x0 ./HAL/EF_E2PROM_24C16.o
 .data          0x00800086        0x0 ./HAL/EF_E2PROM_24C64.o
 .data          0x00800086      0x14a ./HAL/EF_Green_hit_Test.o
 .data          0x008001d0        0x0 ./HAL/EF_Health_Care.o
 .data          0x008001d0        0x0 ./HAL/EF_Keypad.o
 .data          0x008001d0        0x0 ./HAL/EF_LCD.o
 .data          0x008001d0        0x0 ./UART.o
 .data          0x008001d0       0x67 ./main.o
 .data          0x00800237        0x0 c:/winavr-20100110/bin/../lib/gcc/avr/4.3.3/../../../../avr/lib/avr5\libm.a(addsf3.o)
 .data          0x00800237        0x0 c:/winavr-20100110/bin/../lib/gcc/avr/4.3.3/../../../../avr/lib/avr5\libm.a(addsf3x.o)
 .data          0x00800237        0x0 c:/winavr-20100110/bin/../lib/gcc/avr/4.3.3/../../../../avr/lib/avr5\libm.a(divsf3.o)
 .data          0x00800237        0x0 c:/winavr-20100110/bin/../lib/gcc/avr/4.3.3/../../../../avr/lib/avr5\libm.a(divsf3x.o)
 .data          0x00800237        0x0 c:/winavr-20100110/bin/../lib/gcc/avr/4.3.3/../../../../avr/lib/avr5\libm.a(fixunssfsi.o)
 .data          0x00800237        0x0 c:/winavr-20100110/bin/../lib/gcc/avr/4.3.3/../../../../avr/lib/avr5\libm.a(floatsisf.o)
 .data          0x00800237        0x0 c:/winavr-20100110/bin/../lib/gcc/avr/4.3.3/../../../../avr/lib/avr5\libm.a(fp_inf.o)
 .data          0x00800237        0x0 c:/winavr-20100110/bin/../lib/gcc/avr/4.3.3/../../../../avr/lib/avr5\libm.a(fp_nan.o)
 .data          0x00800237        0x0 c:/winavr-20100110/bin/../lib/gcc/avr/4.3.3/../../../../avr/lib/avr5\libm.a(fp_pscA.o)
 .data          0x00800237        0x0 c:/winavr-20100110/bin/../lib/gcc/avr/4.3.3/../../../../avr/lib/avr5\libm.a(fp_pscB.o)
 .data          0x00800237        0x0 c:/winavr-20100110/bin/../lib/gcc/avr/4.3.3/../../../../avr/lib/avr5\libm.a(fp_round.o)
 .data          0x00800237        0x0 c:/winavr-20100110/bin/../lib/gcc/avr/4.3.3/../../../../avr/lib/avr5\libm.a(fp_split3.o)
 .data          0x00800237        0x0 c:/winavr-20100110/bin/../lib/gcc/avr/4.3.3/../../../../avr/lib/avr5\libm.a(fp_zero.o)
 .data          0x00800237        0x0 c:/winavr-20100110/bin/../lib/gcc/avr/4.3.3/../../../../avr/lib/avr5\libm.a(gesf2.o)
 .data          0x00800237        0x0 c:/winavr-20100110/bin/../lib/gcc/avr/4.3.3/../../../../avr/lib/avr5\libm.a(log.o)
 .data          0x00800237        0x0 c:/winavr-20100110/bin/../lib/gcc/avr/4.3.3/../../../../avr/lib/avr5\libm.a(mulsf3.o)
 .data          0x00800237        0x0 c:/winavr-20100110/bin/../lib/gcc/avr/4.3.3/../../../../avr/lib/avr5\libm.a(mulsf3x.o)
 .data          0x00800237        0x0 c:/winavr-20100110/bin/../lib/gcc/avr/4.3.3/../../../../avr/lib/avr5\libm.a(fp_cmp.o)
 .data          0x00800237        0x0 c:/winavr-20100110/bin/../lib/gcc/avr/4.3.3/../../../../avr/lib/avr5\libm.a(fp_mpack.o)
 .data          0x00800237        0x0 c:/winavr-20100110/bin/../lib/gcc/avr/4.3.3/../../../../avr/lib/avr5\libm.a(fp_powser.o)
 .data          0x00800237        0x0 c:/winavr-20100110/bin/../lib/gcc/avr/4.3.3/avr5\libgcc.a(_udivmodqi4.o)
 .data          0x00800237        0x0 c:/winavr-20100110/bin/../lib/gcc/avr/4.3.3/avr5\libgcc.a(_udivmodhi4.o)
 .data          0x00800237        0x0 c:/winavr-20100110/bin/../lib/gcc/avr/4.3.3/avr5\libgcc.a(_divmodhi4.o)
 .data          0x00800237        0x0 c:/winavr-20100110/bin/../lib/gcc/avr/4.3.3/avr5\libgcc.a(_udivmodsi4.o)
 .data          0x00800237        0x0 c:/winavr-20100110/bin/../lib/gcc/avr/4.3.3/avr5\libgcc.a(_exit.o)
 .data          0x00800237        0x0 c:/winavr-20100110/bin/../lib/gcc/avr/4.3.3/avr5\libgcc.a(_copy_data.o)
 .data          0x00800237        0x0 c:/winavr-20100110/bin/../lib/gcc/avr/4.3.3/avr5\libgcc.a(_clear_bss.o)
 .data          0x00800237        0x0 c:/winavr-20100110/bin/../lib/gcc/avr/4.3.3/../../../../avr/lib/avr5\libc.a(itoa.o)
 .data          0x00800237        0x0 c:/winavr-20100110/bin/../lib/gcc/avr/4.3.3/../../../../avr/lib/avr5\libc.a(strrev.o)
 *(.data*)
 .data.Uart_Paraters
                0x00800237        0xb ./HAL/EF_Green_hit_Test.o
                0x00800237                Uart_Paraters
 .data.Data_lcd
                0x00800242       0x28 ./HAL/EF_Green_hit_Test.o
                0x00800242                Data_lcd
 .data.P        0x0080026a        0x2 ./HAL/EF_Health_Care.o
                0x0080026a                P
 .data.T        0x0080026c        0x2 ./HAL/EF_Health_Care.o
                0x0080026c                T
 .data.thresh   0x0080026e        0x2 ./HAL/EF_Health_Care.o
                0x0080026e                thresh
 .data.amp      0x00800270        0x2 ./HAL/EF_Health_Care.o
                0x00800270                amp
 .data.firstBeat
                0x00800272        0x1 ./HAL/EF_Health_Care.o
                0x00800272                firstBeat
 .data.secondBeat
                0x00800273        0x1 ./HAL/EF_Health_Care.o
                0x00800273                secondBeat
 .data.IBI      0x00800274        0x2 ./HAL/EF_Health_Care.o
                0x00800274                IBI
 .data.Uart_Paramters
                0x00800276        0xb ./HAL/EF_Health_Care.o
                0x00800276                Uart_Paramters
 *(.rodata)
 *(.rodata*)
 .rodata.uart_reg
                0x00800281        0xc ./MCAL/EF_UART.o
                0x00800281                uart_reg
 *(.gnu.linkonce.d*)
                0x0080028e                . = ALIGN (0x2)
 *fill*         0x0080028d        0x1 00
                0x0080028e                _edata = .
                0x0080028e                PROVIDE (__data_end, .)

.bss            0x0080028e       0x6a
                0x0080028e                PROVIDE (__bss_start, .)
 *(.bss)
 .bss           0x0080028e        0x0 c:/winavr-20100110/bin/../lib/gcc/avr/4.3.3/../../../../avr/lib/avr5/crtm32.o
 .bss           0x0080028e        0x0 ./MCAL/EF_ADC.o
 .bss           0x0080028e        0x0 ./MCAL/EF_DIO.o
 .bss           0x0080028e        0x0 ./MCAL/EF_EEPROM.o
 .bss           0x0080028e        0x0 ./MCAL/EF_I2C.o
 .bss           0x0080028e        0x0 ./MCAL/EF_InputCapture.o
 .bss           0x0080028e        0x0 ./MCAL/EF_PWM.o
 .bss           0x0080028e        0x0 ./MCAL/EF_SPI.o
 .bss           0x0080028e        0x0 ./MCAL/EF_SpechialTIMER.o
 .bss           0x0080028e        0x0 ./MCAL/EF_Timer.o
 .bss           0x0080028e        0x0 ./MCAL/EF_UART.o
 .bss           0x0080028e        0x0 ./HAL/EF_7Segment.o
 .bss           0x0080028e        0x0 ./HAL/EF_DS1307.o
 .bss           0x0080028e        0x0 ./HAL/EF_E2PROM_24C16.o
 .bss           0x0080028e        0x0 ./HAL/EF_E2PROM_24C64.o
 .bss           0x0080028e        0x0 ./HAL/EF_Green_hit_Test.o
 .bss           0x0080028e        0x0 ./HAL/EF_Health_Care.o
 .bss           0x0080028e        0x0 ./HAL/EF_Keypad.o
 .bss           0x0080028e        0x0 ./HAL/EF_LCD.o
 .bss           0x0080028e        0x0 ./UART.o
 .bss           0x0080028e        0x0 ./main.o
 .bss           0x0080028e        0x0 c:/winavr-20100110/bin/../lib/gcc/avr/4.3.3/../../../../avr/lib/avr5\libm.a(addsf3.o)
 .bss           0x0080028e        0x0 c:/winavr-20100110/bin/../lib/gcc/avr/4.3.3/../../../../avr/lib/avr5\libm.a(addsf3x.o)
 .bss           0x0080028e        0x0 c:/winavr-20100110/bin/../lib/gcc/avr/4.3.3/../../../../avr/lib/avr5\libm.a(divsf3.o)
 .bss           0x0080028e        0x0 c:/winavr-20100110/bin/../lib/gcc/avr/4.3.3/../../../../avr/lib/avr5\libm.a(divsf3x.o)
 .bss           0x0080028e        0x0 c:/winavr-20100110/bin/../lib/gcc/avr/4.3.3/../../../../avr/lib/avr5\libm.a(fixunssfsi.o)
 .bss           0x0080028e        0x0 c:/winavr-20100110/bin/../lib/gcc/avr/4.3.3/../../../../avr/lib/avr5\libm.a(floatsisf.o)
 .bss           0x0080028e        0x0 c:/winavr-20100110/bin/../lib/gcc/avr/4.3.3/../../../../avr/lib/avr5\libm.a(fp_inf.o)
 .bss           0x0080028e        0x0 c:/winavr-20100110/bin/../lib/gcc/avr/4.3.3/../../../../avr/lib/avr5\libm.a(fp_nan.o)
 .bss           0x0080028e        0x0 c:/winavr-20100110/bin/../lib/gcc/avr/4.3.3/../../../../avr/lib/avr5\libm.a(fp_pscA.o)
 .bss           0x0080028e        0x0 c:/winavr-20100110/bin/../lib/gcc/avr/4.3.3/../../../../avr/lib/avr5\libm.a(fp_pscB.o)
 .bss           0x0080028e        0x0 c:/winavr-20100110/bin/../lib/gcc/avr/4.3.3/../../../../avr/lib/avr5\libm.a(fp_round.o)
 .bss           0x0080028e        0x0 c:/winavr-20100110/bin/../lib/gcc/avr/4.3.3/../../../../avr/lib/avr5\libm.a(fp_split3.o)
 .bss           0x0080028e        0x0 c:/winavr-20100110/bin/../lib/gcc/avr/4.3.3/../../../../avr/lib/avr5\libm.a(fp_zero.o)
 .bss           0x0080028e        0x0 c:/winavr-20100110/bin/../lib/gcc/avr/4.3.3/../../../../avr/lib/avr5\libm.a(gesf2.o)
 .bss           0x0080028e        0x0 c:/winavr-20100110/bin/../lib/gcc/avr/4.3.3/../../../../avr/lib/avr5\libm.a(log.o)
 .bss           0x0080028e        0x0 c:/winavr-20100110/bin/../lib/gcc/avr/4.3.3/../../../../avr/lib/avr5\libm.a(mulsf3.o)
 .bss           0x0080028e        0x0 c:/winavr-20100110/bin/../lib/gcc/avr/4.3.3/../../../../avr/lib/avr5\libm.a(mulsf3x.o)
 .bss           0x0080028e        0x0 c:/winavr-20100110/bin/../lib/gcc/avr/4.3.3/../../../../avr/lib/avr5\libm.a(fp_cmp.o)
 .bss           0x0080028e        0x0 c:/winavr-20100110/bin/../lib/gcc/avr/4.3.3/../../../../avr/lib/avr5\libm.a(fp_mpack.o)
 .bss           0x0080028e        0x0 c:/winavr-20100110/bin/../lib/gcc/avr/4.3.3/../../../../avr/lib/avr5\libm.a(fp_powser.o)
 .bss           0x0080028e        0x0 c:/winavr-20100110/bin/../lib/gcc/avr/4.3.3/avr5\libgcc.a(_udivmodqi4.o)
 .bss           0x0080028e        0x0 c:/winavr-20100110/bin/../lib/gcc/avr/4.3.3/avr5\libgcc.a(_udivmodhi4.o)
 .bss           0x0080028e        0x0 c:/winavr-20100110/bin/../lib/gcc/avr/4.3.3/avr5\libgcc.a(_divmodhi4.o)
 .bss           0x0080028e        0x0 c:/winavr-20100110/bin/../lib/gcc/avr/4.3.3/avr5\libgcc.a(_udivmodsi4.o)
 .bss           0x0080028e        0x0 c:/winavr-20100110/bin/../lib/gcc/avr/4.3.3/avr5\libgcc.a(_exit.o)
 .bss           0x0080028e        0x0 c:/winavr-20100110/bin/../lib/gcc/avr/4.3.3/avr5\libgcc.a(_copy_data.o)
 .bss           0x0080028e        0x0 c:/winavr-20100110/bin/../lib/gcc/avr/4.3.3/avr5\libgcc.a(_clear_bss.o)
 .bss           0x0080028e        0x0 c:/winavr-20100110/bin/../lib/gcc/avr/4.3.3/../../../../avr/lib/avr5\libc.a(itoa.o)
 .bss           0x0080028e        0x0 c:/winavr-20100110/bin/../lib/gcc/avr/4.3.3/../../../../avr/lib/avr5\libc.a(strrev.o)
 *(.bss*)
 .bss.timers_list
                0x0080028e       0x3c ./MCAL/EF_SpechialTIMER.o
 .bss.voidFuncPtr
                0x008002ca        0x2 ./MCAL/EF_Timer.o
 .bss.sampleCounter
                0x008002cc        0x4 ./HAL/EF_Health_Care.o
                0x008002cc                sampleCounter
 .bss.lastBeatTime
                0x008002d0        0x4 ./HAL/EF_Health_Care.o
                0x008002d0                lastBeatTime
 .bss.Signal    0x008002d4        0x2 ./HAL/EF_Health_Care.o
                0x008002d4                Signal
 .bss.Pulse     0x008002d6        0x1 ./HAL/EF_Health_Care.o
                0x008002d6                Pulse
 .bss.QS        0x008002d7        0x1 ./HAL/EF_Health_Care.o
                0x008002d7                QS
 .bss.runningTotal
                0x008002d8        0x4 ./HAL/EF_Health_Care.o
                0x008002d8                runningTotal
 .bss.N         0x008002dc        0x2 ./HAL/EF_Health_Care.o
                0x008002dc                N
 .bss.Temprature
                0x008002de        0x4 ./HAL/EF_Health_Care.o
                0x008002de                Temprature
 *(COMMON)
 COMMON         0x008002e2       0x16 ./HAL/EF_Health_Care.o
                0x008002e2                rate
                0x008002f6                BPM
                0x008002f8                PROVIDE (__bss_end, .)
                0x00002c3e                __data_load_start = LOADADDR (.data)
                0x00002e6c                __data_load_end = (__data_load_start + SIZEOF (.data))

.noinit         0x008002f8        0x0
                0x008002f8                PROVIDE (__noinit_start, .)
 *(.noinit*)
                0x008002f8                PROVIDE (__noinit_end, .)
                0x008002f8                _end = .
                0x008002f8                PROVIDE (__heap_start, .)

.eeprom         0x00810000        0x0
 *(.eeprom*)
                0x00810000                __eeprom_end = .

.fuse
 *(.fuse)
 *(.lfuse)
 *(.hfuse)
 *(.efuse)

.lock
 *(.lock*)

.signature
 *(.signature*)

.stab
 *(.stab)

.stabstr
 *(.stabstr)

.stab.excl
 *(.stab.excl)

.stab.exclstr
 *(.stab.exclstr)

.stab.index
 *(.stab.index)

.stab.indexstr
 *(.stab.indexstr)

.comment
 *(.comment)

.debug
 *(.debug)

.line
 *(.line)

.debug_srcinfo
 *(.debug_srcinfo)

.debug_sfnames
 *(.debug_sfnames)

.debug_aranges
 *(.debug_aranges)

.debug_pubnames
 *(.debug_pubnames)

.debug_info
 *(.debug_info)
 *(.gnu.linkonce.wi.*)

.debug_abbrev
 *(.debug_abbrev)

.debug_line
 *(.debug_line)

.debug_frame
 *(.debug_frame)

.debug_str
 *(.debug_str)

.debug_loc
 *(.debug_loc)

.debug_macinfo
 *(.debug_macinfo)
OUTPUT(EF_Training_Kit.elf elf32-avr)
LOAD linker stubs
