Archive member included because of file (symbol)

c:/winavr-20100110/bin/../lib/gcc/avr/4.3.3/../../../../avr/lib/avr5\libm.a(addsf3.o)
                              ./HAL/EF_Health_Care.o (__subsf3)
c:/winavr-20100110/bin/../lib/gcc/avr/4.3.3/../../../../avr/lib/avr5\libm.a(addsf3x.o)
                              c:/winavr-20100110/bin/../lib/gcc/avr/4.3.3/../../../../avr/lib/avr5\libm.a(addsf3.o) (__addsf3x)
c:/winavr-20100110/bin/../lib/gcc/avr/4.3.3/../../../../avr/lib/avr5\libm.a(divsf3.o)
                              ./HAL/EF_Health_Care.o (__divsf3)
c:/winavr-20100110/bin/../lib/gcc/avr/4.3.3/../../../../avr/lib/avr5\libm.a(divsf3x.o)
                              c:/winavr-20100110/bin/../lib/gcc/avr/4.3.3/../../../../avr/lib/avr5\libm.a(divsf3.o) (__divsf3x)
c:/winavr-20100110/bin/../lib/gcc/avr/4.3.3/../../../../avr/lib/avr5\libm.a(fixunssfsi.o)
                              ./HAL/EF_Health_Care.o (__fixunssfsi)
c:/winavr-20100110/bin/../lib/gcc/avr/4.3.3/../../../../avr/lib/avr5\libm.a(floatsisf.o)
                              ./HAL/EF_Health_Care.o (__floatunsisf)
c:/winavr-20100110/bin/../lib/gcc/avr/4.3.3/../../../../avr/lib/avr5\libm.a(fp_inf.o)
                              c:/winavr-20100110/bin/../lib/gcc/avr/4.3.3/../../../../avr/lib/avr5\libm.a(addsf3x.o) (__fp_inf)
c:/winavr-20100110/bin/../lib/gcc/avr/4.3.3/../../../../avr/lib/avr5\libm.a(fp_nan.o)
                              c:/winavr-20100110/bin/../lib/gcc/avr/4.3.3/../../../../avr/lib/avr5\libm.a(addsf3x.o) (__fp_nan)
c:/winavr-20100110/bin/../lib/gcc/avr/4.3.3/../../../../avr/lib/avr5\libm.a(fp_pscA.o)
                              c:/winavr-20100110/bin/../lib/gcc/avr/4.3.3/../../../../avr/lib/avr5\libm.a(addsf3x.o) (__fp_pscA)
c:/winavr-20100110/bin/../lib/gcc/avr/4.3.3/../../../../avr/lib/avr5\libm.a(fp_pscB.o)
                              c:/winavr-20100110/bin/../lib/gcc/avr/4.3.3/../../../../avr/lib/avr5\libm.a(addsf3x.o) (__fp_pscB)
c:/winavr-20100110/bin/../lib/gcc/avr/4.3.3/../../../../avr/lib/avr5\libm.a(fp_round.o)
                              c:/winavr-20100110/bin/../lib/gcc/avr/4.3.3/../../../../avr/lib/avr5\libm.a(addsf3.o) (__fp_round)
c:/winavr-20100110/bin/../lib/gcc/avr/4.3.3/../../../../avr/lib/avr5\libm.a(fp_split3.o)
                              c:/winavr-20100110/bin/../lib/gcc/avr/4.3.3/../../../../avr/lib/avr5\libm.a(addsf3x.o) (__fp_split3)
c:/winavr-20100110/bin/../lib/gcc/avr/4.3.3/../../../../avr/lib/avr5\libm.a(fp_zero.o)
                              c:/winavr-20100110/bin/../lib/gcc/avr/4.3.3/../../../../avr/lib/avr5\libm.a(addsf3x.o) (__fp_zero)
c:/winavr-20100110/bin/../lib/gcc/avr/4.3.3/../../../../avr/lib/avr5\libm.a(gesf2.o)
                              ./HAL/EF_Health_Care.o (__gesf2)
c:/winavr-20100110/bin/../lib/gcc/avr/4.3.3/../../../../avr/lib/avr5\libm.a(log.o)
                              ./HAL/EF_Health_Care.o (log)
c:/winavr-20100110/bin/../lib/gcc/avr/4.3.3/../../../../avr/lib/avr5\libm.a(mulsf3.o)
                              ./HAL/EF_Health_Care.o (__mulsf3)
c:/winavr-20100110/bin/../lib/gcc/avr/4.3.3/../../../../avr/lib/avr5\libm.a(mulsf3x.o)
                              c:/winavr-20100110/bin/../lib/gcc/avr/4.3.3/../../../../avr/lib/avr5\libm.a(log.o) (__mulsf3x)
c:/winavr-20100110/bin/../lib/gcc/avr/4.3.3/../../../../avr/lib/avr5\libm.a(fp_cmp.o)
                              c:/winavr-20100110/bin/../lib/gcc/avr/4.3.3/../../../../avr/lib/avr5\libm.a(gesf2.o) (__fp_cmp)
c:/winavr-20100110/bin/../lib/gcc/avr/4.3.3/../../../../avr/lib/avr5\libm.a(fp_mpack.o)
                              c:/winavr-20100110/bin/../lib/gcc/avr/4.3.3/../../../../avr/lib/avr5\libm.a(log.o) (__fp_mpack)
c:/winavr-20100110/bin/../lib/gcc/avr/4.3.3/../../../../avr/lib/avr5\libm.a(fp_powser.o)
                              c:/winavr-20100110/bin/../lib/gcc/avr/4.3.3/../../../../avr/lib/avr5\libm.a(log.o) (__fp_powser)
c:/winavr-20100110/bin/../lib/gcc/avr/4.3.3/avr5\libgcc.a(_udivmodqi4.o)
                              ./MCAL/EF_UART.o (__udivmodqi4)
c:/winavr-20100110/bin/../lib/gcc/avr/4.3.3/avr5\libgcc.a(_udivmodhi4.o)
                              ./HAL/EF_7Segment.o (__udivmodhi4)
c:/winavr-20100110/bin/../lib/gcc/avr/4.3.3/avr5\libgcc.a(_divmodhi4.o)
                              ./MCAL/EF_PWM.o (__divmodhi4)
c:/winavr-20100110/bin/../lib/gcc/avr/4.3.3/avr5\libgcc.a(_udivmodsi4.o)
                              ./MCAL/EF_UART.o (__udivmodsi4)
c:/winavr-20100110/bin/../lib/gcc/avr/4.3.3/avr5\libgcc.a(_exit.o)
                              c:/winavr-20100110/bin/../lib/gcc/avr/4.3.3/../../../../avr/lib/avr5/crtm32.o (exit)
c:/winavr-20100110/bin/../lib/gcc/avr/4.3.3/avr5\libgcc.a(_copy_data.o)
                              ./MCAL/EF_UART.o (__do_copy_data)
c:/winavr-20100110/bin/../lib/gcc/avr/4.3.3/avr5\libgcc.a(_clear_bss.o)
                              ./MCAL/EF_SpechialTIMER.o (__do_clear_bss)
c:/winavr-20100110/bin/../lib/gcc/avr/4.3.3/../../../../avr/lib/avr5\libc.a(itoa.o)
                              ./MCAL/EF_UART.o (itoa)
c:/winavr-20100110/bin/../lib/gcc/avr/4.3.3/../../../../avr/lib/avr5\libc.a(strrev.o)
                              c:/winavr-20100110/bin/../lib/gcc/avr/4.3.3/../../../../avr/lib/avr5\libc.a(itoa.o) (strrev)

Allocating common symbols
Common symbol       size              file

rate                0x14              ./HAL/EF_Health_Care.o
BPM                 0x2               ./HAL/EF_Health_Care.o

Memory Configuration

Name             Origin             Length             Attributes
text             0x00000000         0x00020000         xr
data             0x00800060         0x0000ffa0         rw !x
eeprom           0x00810000         0x00010000         rw !x
fuse             0x00820000         0x00000400         rw !x
lock             0x00830000         0x00000400         rw !x
signature        0x00840000         0x00000400         rw !x
*default*        0x00000000         0xffffffff

Linker script and memory map

LOAD c:/winavr-20100110/bin/../lib/gcc/avr/4.3.3/../../../../avr/lib/avr5/crtm32.o
LOAD ./MCAL/EF_ADC.o
LOAD ./MCAL/EF_DIO.o
LOAD ./MCAL/EF_EEPROM.o
LOAD ./MCAL/EF_I2C.o
LOAD ./MCAL/EF_InputCapture.o
LOAD ./MCAL/EF_PWM.o
LOAD ./MCAL/EF_SPI.o
LOAD ./MCAL/EF_SpechialTIMER.o
LOAD ./MCAL/EF_Timer.o
LOAD ./MCAL/EF_UART.o
LOAD ./HAL/EF_7Segment.o
LOAD ./HAL/EF_DS1307.o
LOAD ./HAL/EF_E2PROM_24C16.o
LOAD ./HAL/EF_E2PROM_24C64.o
LOAD ./HAL/EF_Green_hit_Test.o
LOAD ./HAL/EF_Health_Care.o
LOAD ./HAL/EF_Keypad.o
LOAD ./HAL/EF_LCD.o
LOAD ./main.o
LOAD c:/winavr-20100110/bin/../lib/gcc/avr/4.3.3/../../../../avr/lib/avr5\libm.a
LOAD c:/winavr-20100110/bin/../lib/gcc/avr/4.3.3/avr5\libgcc.a
LOAD c:/winavr-20100110/bin/../lib/gcc/avr/4.3.3/../../../../avr/lib/avr5\libc.a
LOAD c:/winavr-20100110/bin/../lib/gcc/avr/4.3.3/avr5\libgcc.a

.hash
 *(.hash)

.dynsym
 *(.dynsym)

.dynstr
 *(.dynstr)

.gnu.version
 *(.gnu.version)

.gnu.version_d
 *(.gnu.version_d)

.gnu.version_r
 *(.gnu.version_r)

.rel.init
 *(.rel.init)

.rela.init
 *(.rela.init)

.rel.text
 *(.rel.text)
 *(.rel.text.*)
 *(.rel.gnu.linkonce.t*)

.rela.text
 *(.rela.text)
 *(.rela.text.*)
 *(.rela.gnu.linkonce.t*)

.rel.fini
 *(.rel.fini)

.rela.fini
 *(.rela.fini)

.rel.rodata
 *(.rel.rodata)
 *(.rel.rodata.*)
 *(.rel.gnu.linkonce.r*)

.rela.rodata
 *(.rela.rodata)
 *(.rela.rodata.*)
 *(.rela.gnu.linkonce.r*)

.rel.data
 *(.rel.data)
 *(.rel.data.*)
 *(.rel.gnu.linkonce.d*)

.rela.data
 *(.rela.data)
 *(.rela.data.*)
 *(.rela.gnu.linkonce.d*)

.rel.ctors
 *(.rel.ctors)

.rela.ctors
 *(.rela.ctors)

.rel.dtors
 *(.rel.dtors)

.rela.dtors
 *(.rela.dtors)

.rel.got
 *(.rel.got)

.rela.got
 *(.rela.got)

.rel.bss
 *(.rel.bss)

.rela.bss
 *(.rela.bss)

.rel.plt
 *(.rel.plt)

.rela.plt
 *(.rela.plt)

.text           0x00000000     0x3ac2
 *(.vectors)
 .vectors       0x00000000       0x54 c:/winavr-20100110/bin/../lib/gcc/avr/4.3.3/../../../../avr/lib/avr5/crtm32.o
                0x00000000                __vectors
                0x00000000                __vector_default
 *(.vectors)
 *(.progmem.gcc*)
 .progmem.gcc_fplib
                0x00000054       0x5a c:/winavr-20100110/bin/../lib/gcc/avr/4.3.3/../../../../avr/lib/avr5\libm.a(log.o)
 *(.progmem*)
                0x000000ae                . = ALIGN (0x2)
                0x000000ae                __trampolines_start = .
 *(.trampolines)
 .trampolines   0x000000ae        0x0 linker stubs
 *(.trampolines*)
                0x000000ae                __trampolines_end = .
 *(.jumptables)
 *(.jumptables*)
 *(.lowtext)
 *(.lowtext*)
                0x000000ae                __ctors_start = .
 *(.ctors)
                0x000000ae                __ctors_end = .
                0x000000ae                __dtors_start = .
 *(.dtors)
                0x000000ae                __dtors_end = .
 SORT(*)(.ctors)
 SORT(*)(.dtors)
 *(.init0)
 .init0         0x000000ae        0x0 c:/winavr-20100110/bin/../lib/gcc/avr/4.3.3/../../../../avr/lib/avr5/crtm32.o
                0x000000ae                __init
 *(.init0)
 *(.init1)
 *(.init1)
 *(.init2)
 .init2         0x000000ae        0xc c:/winavr-20100110/bin/../lib/gcc/avr/4.3.3/../../../../avr/lib/avr5/crtm32.o
 *(.init2)
 *(.init3)
 *(.init3)
 *(.init4)
 .init4         0x000000ba       0x16 c:/winavr-20100110/bin/../lib/gcc/avr/4.3.3/avr5\libgcc.a(_copy_data.o)
                0x000000ba                __do_copy_data
 .init4         0x000000d0       0x10 c:/winavr-20100110/bin/../lib/gcc/avr/4.3.3/avr5\libgcc.a(_clear_bss.o)
                0x000000d0                __do_clear_bss
 *(.init4)
 *(.init5)
 *(.init5)
 *(.init6)
 *(.init6)
 *(.init7)
 *(.init7)
 *(.init8)
 *(.init8)
 *(.init9)
 .init9         0x000000e0        0x8 c:/winavr-20100110/bin/../lib/gcc/avr/4.3.3/../../../../avr/lib/avr5/crtm32.o
 *(.init9)
 *(.text)
 .text          0x000000e8        0x4 c:/winavr-20100110/bin/../lib/gcc/avr/4.3.3/../../../../avr/lib/avr5/crtm32.o
                0x000000e8                __vector_1
                0x000000e8                __vector_12
                0x000000e8                __bad_interrupt
                0x000000e8                __vector_6
                0x000000e8                __vector_3
                0x000000e8                __vector_13
                0x000000e8                __vector_17
                0x000000e8                __vector_19
                0x000000e8                __vector_7
                0x000000e8                __vector_4
                0x000000e8                __vector_9
                0x000000e8                __vector_2
                0x000000e8                __vector_15
                0x000000e8                __vector_8
                0x000000e8                __vector_14
                0x000000e8                __vector_10
                0x000000e8                __vector_16
                0x000000e8                __vector_18
                0x000000e8                __vector_20
 .text          0x000000ec        0x0 ./MCAL/EF_ADC.o
 .text          0x000000ec        0x0 ./MCAL/EF_DIO.o
 .text          0x000000ec        0x0 ./MCAL/EF_EEPROM.o
 .text          0x000000ec        0x0 ./MCAL/EF_I2C.o
 .text          0x000000ec        0x0 ./MCAL/EF_InputCapture.o
 .text          0x000000ec        0x0 ./MCAL/EF_PWM.o
 .text          0x000000ec        0x0 ./MCAL/EF_SPI.o
 .text          0x000000ec        0x0 ./MCAL/EF_SpechialTIMER.o
 .text          0x000000ec        0x0 ./MCAL/EF_Timer.o
 .text          0x000000ec        0x0 ./MCAL/EF_UART.o
 .text          0x000000ec        0x0 ./HAL/EF_7Segment.o
 .text          0x000000ec        0x0 ./HAL/EF_DS1307.o
 .text          0x000000ec        0x0 ./HAL/EF_E2PROM_24C16.o
 .text          0x000000ec        0x0 ./HAL/EF_E2PROM_24C64.o
 .text          0x000000ec        0x0 ./HAL/EF_Green_hit_Test.o
 .text          0x000000ec        0x0 ./HAL/EF_Health_Care.o
 .text          0x000000ec        0x0 ./HAL/EF_Keypad.o
 .text          0x000000ec        0x0 ./HAL/EF_LCD.o
 .text          0x000000ec        0x0 ./main.o
 .text          0x000000ec        0x0 c:/winavr-20100110/bin/../lib/gcc/avr/4.3.3/../../../../avr/lib/avr5\libm.a(addsf3.o)
 .text          0x000000ec        0x0 c:/winavr-20100110/bin/../lib/gcc/avr/4.3.3/../../../../avr/lib/avr5\libm.a(addsf3x.o)
 .text          0x000000ec        0x0 c:/winavr-20100110/bin/../lib/gcc/avr/4.3.3/../../../../avr/lib/avr5\libm.a(divsf3.o)
 .text          0x000000ec        0x0 c:/winavr-20100110/bin/../lib/gcc/avr/4.3.3/../../../../avr/lib/avr5\libm.a(divsf3x.o)
 .text          0x000000ec        0x0 c:/winavr-20100110/bin/../lib/gcc/avr/4.3.3/../../../../avr/lib/avr5\libm.a(fixunssfsi.o)
 .text          0x000000ec        0x0 c:/winavr-20100110/bin/../lib/gcc/avr/4.3.3/../../../../avr/lib/avr5\libm.a(floatsisf.o)
 .text          0x000000ec        0x0 c:/winavr-20100110/bin/../lib/gcc/avr/4.3.3/../../../../avr/lib/avr5\libm.a(fp_inf.o)
 .text          0x000000ec        0x0 c:/winavr-20100110/bin/../lib/gcc/avr/4.3.3/../../../../avr/lib/avr5\libm.a(fp_nan.o)
 .text          0x000000ec        0x0 c:/winavr-20100110/bin/../lib/gcc/avr/4.3.3/../../../../avr/lib/avr5\libm.a(fp_pscA.o)
 .text          0x000000ec        0x0 c:/winavr-20100110/bin/../lib/gcc/avr/4.3.3/../../../../avr/lib/avr5\libm.a(fp_pscB.o)
 .text          0x000000ec        0x0 c:/winavr-20100110/bin/../lib/gcc/avr/4.3.3/../../../../avr/lib/avr5\libm.a(fp_round.o)
 .text          0x000000ec        0x0 c:/winavr-20100110/bin/../lib/gcc/avr/4.3.3/../../../../avr/lib/avr5\libm.a(fp_split3.o)
 .text          0x000000ec        0x0 c:/winavr-20100110/bin/../lib/gcc/avr/4.3.3/../../../../avr/lib/avr5\libm.a(fp_zero.o)
 .text          0x000000ec        0x0 c:/winavr-20100110/bin/../lib/gcc/avr/4.3.3/../../../../avr/lib/avr5\libm.a(gesf2.o)
 .text          0x000000ec        0x0 c:/winavr-20100110/bin/../lib/gcc/avr/4.3.3/../../../../avr/lib/avr5\libm.a(log.o)
 .text          0x000000ec        0x0 c:/winavr-20100110/bin/../lib/gcc/avr/4.3.3/../../../../avr/lib/avr5\libm.a(mulsf3.o)
 .text          0x000000ec        0x0 c:/winavr-20100110/bin/../lib/gcc/avr/4.3.3/../../../../avr/lib/avr5\libm.a(mulsf3x.o)
 .text          0x000000ec        0x0 c:/winavr-20100110/bin/../lib/gcc/avr/4.3.3/../../../../avr/lib/avr5\libm.a(fp_cmp.o)
 .text          0x000000ec        0x0 c:/winavr-20100110/bin/../lib/gcc/avr/4.3.3/../../../../avr/lib/avr5\libm.a(fp_mpack.o)
 .text          0x000000ec        0x0 c:/winavr-20100110/bin/../lib/gcc/avr/4.3.3/../../../../avr/lib/avr5\libm.a(fp_powser.o)
 .text          0x000000ec        0x0 c:/winavr-20100110/bin/../lib/gcc/avr/4.3.3/avr5\libgcc.a(_udivmodqi4.o)
 .text          0x000000ec        0x0 c:/winavr-20100110/bin/../lib/gcc/avr/4.3.3/avr5\libgcc.a(_udivmodhi4.o)
 .text          0x000000ec        0x0 c:/winavr-20100110/bin/../lib/gcc/avr/4.3.3/avr5\libgcc.a(_divmodhi4.o)
 .text          0x000000ec        0x0 c:/winavr-20100110/bin/../lib/gcc/avr/4.3.3/avr5\libgcc.a(_udivmodsi4.o)
 .text          0x000000ec        0x0 c:/winavr-20100110/bin/../lib/gcc/avr/4.3.3/avr5\libgcc.a(_exit.o)
 .text          0x000000ec        0x0 c:/winavr-20100110/bin/../lib/gcc/avr/4.3.3/avr5\libgcc.a(_copy_data.o)
 .text          0x000000ec        0x0 c:/winavr-20100110/bin/../lib/gcc/avr/4.3.3/avr5\libgcc.a(_clear_bss.o)
 .text          0x000000ec        0x0 c:/winavr-20100110/bin/../lib/gcc/avr/4.3.3/../../../../avr/lib/avr5\libc.a(itoa.o)
 .text          0x000000ec        0x0 c:/winavr-20100110/bin/../lib/gcc/avr/4.3.3/../../../../avr/lib/avr5\libc.a(strrev.o)
                0x000000ec                . = ALIGN (0x2)
 *(.text.*)
 .text.EF_void_ADC_init
                0x000000ec       0x14 ./MCAL/EF_ADC.o
                0x000000ec                EF_void_ADC_init
 .text.EF_u16_ADC_read
                0x00000100       0x24 ./MCAL/EF_ADC.o
                0x00000100                EF_u16_ADC_read
 .text.EF_S8_DIO_InitPort
                0x00000124       0x44 ./MCAL/EF_DIO.o
                0x00000124                EF_S8_DIO_InitPort
 .text.EF_S8_DIO_WritePort
                0x00000168       0x54 ./MCAL/EF_DIO.o
                0x00000168                EF_S8_DIO_WritePort
 .text.EF_S16_DIO_ReadPort
                0x000001bc       0x58 ./MCAL/EF_DIO.o
                0x000001bc                EF_S16_DIO_ReadPort
 .text.EF_B_DIO_InitPin
                0x00000214      0x122 ./MCAL/EF_DIO.o
                0x00000214                EF_B_DIO_InitPin
 .text.EF_S8_DIO_SetPin
                0x00000336       0x92 ./MCAL/EF_DIO.o
                0x00000336                EF_S8_DIO_SetPin
 .text.EF_S8_DIO_ClearPin
                0x000003c8       0x9c ./MCAL/EF_DIO.o
                0x000003c8                EF_S8_DIO_ClearPin
 .text.EF_S8_DIO_SetPort
                0x00000464       0x4c ./MCAL/EF_DIO.o
                0x00000464                EF_S8_DIO_SetPort
 .text.EF_S8_DIO_ClearPort
                0x000004b0       0x44 ./MCAL/EF_DIO.o
                0x000004b0                EF_S8_DIO_ClearPort
 .text.EF_S8_DIO_TogglePin
                0x000004f4       0x92 ./MCAL/EF_DIO.o
                0x000004f4                EF_S8_DIO_TogglePin
 .text.EF_S8_DIO_CheckPin
                0x00000586       0x66 ./MCAL/EF_DIO.o
                0x00000586                EF_S8_DIO_CheckPin
 .text.EF_void_EEPROM_WriteByte
                0x000005ec       0x10 ./MCAL/EF_EEPROM.o
                0x000005ec                EF_void_EEPROM_WriteByte
 .text.EF_u8_EPROM_ReadByte
                0x000005fc       0x16 ./MCAL/EF_EEPROM.o
                0x000005fc                EF_u8_EPROM_ReadByte
 .text.EF_void_EEPROM_WriteNBytes
                0x00000612       0x48 ./MCAL/EF_EEPROM.o
                0x00000612                EF_void_EEPROM_WriteNBytes
 .text.EF_void_EEPROM_ReadNBytes
                0x0000065a       0x36 ./MCAL/EF_EEPROM.o
                0x0000065a                EF_void_EEPROM_ReadNBytes
 .text.EF_void_EEPROM_Erase
                0x00000690       0x20 ./MCAL/EF_EEPROM.o
                0x00000690                EF_void_EEPROM_Erase
 .text.EF_void_I2C_Write
                0x000006b0        0xe ./MCAL/EF_I2C.o
                0x000006b0                EF_void_I2C_Write
 .text.EF_void_I2C_Start
                0x000006be        0xc ./MCAL/EF_I2C.o
                0x000006be                EF_void_I2C_Start
 .text.EF_void_I2C_Stop
                0x000006ca        0x6 ./MCAL/EF_I2C.o
                0x000006ca                EF_void_I2C_Stop
 .text.EF_void_I2C_Init
                0x000006d0        0xc ./MCAL/EF_I2C.o
                0x000006d0                EF_void_I2C_Init
 .text.EF_U8_I2C_Read_Byte
                0x000006dc       0x1e ./MCAL/EF_I2C.o
                0x000006dc                EF_U8_I2C_Read_Byte
 .text.EF_void_InputCapture_Init
                0x000006fa        0x4 ./MCAL/EF_InputCapture.o
                0x000006fa                EF_void_InputCapture_Init
 .text.EF_BOOLEAN_InputCapture_GetPeriod
                0x000006fe       0xb6 ./MCAL/EF_InputCapture.o
                0x000006fe                EF_BOOLEAN_InputCapture_GetPeriod
 .text.EF_BOOLEAN_InputCapture_GetPulse
                0x000007b4       0xba ./MCAL/EF_InputCapture.o
                0x000007b4                EF_BOOLEAN_InputCapture_GetPulse
 .text.EF_void_PWM_init
                0x0000086e       0x50 ./MCAL/EF_PWM.o
                0x0000086e                EF_void_PWM_init
 .text.EF_void_PWM_SetDutyValue
                0x000008be       0x28 ./MCAL/EF_PWM.o
                0x000008be                EF_void_PWM_SetDutyValue
 .text.EF_void_PWM_SetDutyCycle
                0x000008e6       0x22 ./MCAL/EF_PWM.o
                0x000008e6                EF_void_PWM_SetDutyCycle
 .text.EF_SpiTransfer
                0x00000908        0xa ./MCAL/EF_SPI.o
                0x00000908                EF_SpiTransfer
 .text.EF_BOOLEAN_SpiTransfer
                0x00000912       0x3c ./MCAL/EF_SPI.o
                0x00000912                EF_BOOLEAN_SpiTransfer
 .text.EF_SpiInit
                0x0000094e       0x20 ./MCAL/EF_SPI.o
                0x0000094e                EF_SpiInit
 .text.EF_void_TimerDelete
                0x0000096e       0x34 ./MCAL/EF_SpechialTIMER.o
                0x0000096e                EF_void_TimerDelete
 .text.EF_void_TimerCreate
                0x000009a2       0x3e ./MCAL/EF_SpechialTIMER.o
                0x000009a2                EF_void_TimerCreate
 .text.EF_void_TimersUpdate
                0x000009e0       0x5a ./MCAL/EF_SpechialTIMER.o
                0x000009e0                EF_void_TimersUpdate
 .text.EF_void_TimerISRCallback
                0x00000a3a        0x6 ./MCAL/EF_SpechialTIMER.o
 .text.EF_BOOLEAN_TimerCheck
                0x00000a40       0x20 ./MCAL/EF_SpechialTIMER.o
                0x00000a40                EF_BOOLEAN_TimerCheck
 .text.EF_void_TimerStart
                0x00000a60       0x22 ./MCAL/EF_SpechialTIMER.o
                0x00000a60                EF_void_TimerStart
 .text.EF_void_TimerStop
                0x00000a82       0x18 ./MCAL/EF_SpechialTIMER.o
                0x00000a82                EF_void_TimerStop
 .text.EF_void_TimerReset
                0x00000a9a       0x1a ./MCAL/EF_SpechialTIMER.o
                0x00000a9a                EF_void_TimerReset
 .text.EF_void_TimerInit
                0x00000ab4       0x40 ./MCAL/EF_SpechialTIMER.o
                0x00000ab4                EF_void_TimerInit
 .text.EF_void_Timer_PORTinit
                0x00000af4       0x1a ./MCAL/EF_Timer.o
                0x00000af4                EF_void_Timer_PORTinit
 .text.EF_void_Timer_SetISRCallBack
                0x00000b0e        0xa ./MCAL/EF_Timer.o
                0x00000b0e                EF_void_Timer_SetISRCallBack
 .text.EF_void_Timer_RemoveTimerISRCallBack
                0x00000b18        0xa ./MCAL/EF_Timer.o
                0x00000b18                EF_void_Timer_RemoveTimerISRCallBack
 .text.__vector_5
                0x00000b22       0x5c ./MCAL/EF_Timer.o
                0x00000b22                __vector_5
 .text.EF_u8_UART_WaitChar
                0x00000b7e        0x8 ./MCAL/EF_UART.o
                0x00000b7e                EF_u8_UART_WaitChar
 .text.EF_void_UART_PutChar
                0x00000b86        0x8 ./MCAL/EF_UART.o
                0x00000b86                EF_void_UART_PutChar
 .text.EF_void_UART_SendArray
                0x00000b8e       0x18 ./MCAL/EF_UART.o
                0x00000b8e                EF_void_UART_SendArray
 .text.EF_void_UART_SendString
                0x00000ba6       0x1a ./MCAL/EF_UART.o
                0x00000ba6                EF_void_UART_SendString
 .text.EF_void_UART_SendNewLine
                0x00000bc0       0x12 ./MCAL/EF_UART.o
                0x00000bc0                EF_void_UART_SendNewLine
 .text.EF_void_UART_update_time
                0x00000bd2       0xec ./MCAL/EF_UART.o
                0x00000bd2                EF_void_UART_update_time
 .text.EF_void_UART_Send_Integer
                0x00000cbe       0x5c ./MCAL/EF_UART.o
                0x00000cbe                EF_void_UART_Send_Integer
 .text.EF_void_UART_Send_data_PBM
                0x00000d1a       0x6e ./MCAL/EF_UART.o
                0x00000d1a                EF_void_UART_Send_data_PBM
 .text.EF_void_UART_Send_data_temp
                0x00000d88       0x86 ./MCAL/EF_UART.o
                0x00000d88                EF_void_UART_Send_data_temp
 .text.EF_BOOLEAN_UART_PutChar
                0x00000e0e       0x34 ./MCAL/EF_UART.o
                0x00000e0e                EF_BOOLEAN_UART_PutChar
 .text.EF_BOOLEAN_UART_GetChar
                0x00000e42       0x38 ./MCAL/EF_UART.o
                0x00000e42                EF_BOOLEAN_UART_GetChar
 .text.EF_void_UART_Init
                0x00000e7a       0xaa ./MCAL/EF_UART.o
                0x00000e7a                EF_void_UART_Init
 .text.EF_7SegmentWriteData
                0x00000f24        0xa ./HAL/EF_7Segment.o
                0x00000f24                EF_7SegmentWriteData
 .text.EF_void_Segment_Display
                0x00000f2e      0x136 ./HAL/EF_7Segment.o
                0x00000f2e                EF_void_Segment_Display
 .text.EF_void_Segment_Init
                0x00001064       0x52 ./HAL/EF_7Segment.o
                0x00001064                EF_void_Segment_Init
 .text.DecToBcdConvert
                0x000010b6       0x14 ./HAL/EF_DS1307.o
 .text.LCD_update_time
                0x000010ca       0xe4 ./HAL/EF_DS1307.o
                0x000010ca                LCD_update_time
 .text.EF_void_DS1307_SetDate
                0x000011ae       0x52 ./HAL/EF_DS1307.o
                0x000011ae                EF_void_DS1307_SetDate
 .text.EF_void_DS1307_SetTime
                0x00001200       0x52 ./HAL/EF_DS1307.o
                0x00001200                EF_void_DS1307_SetTime
 .text.EF_void_DS1307_GetDate
                0x00001252       0x9a ./HAL/EF_DS1307.o
                0x00001252                EF_void_DS1307_GetDate
 .text.EF_void_DS1307_GetTime
                0x000012ec       0x9a ./HAL/EF_DS1307.o
                0x000012ec                EF_void_DS1307_GetTime
 .text.EF_void_DS1307_Init
                0x00001386       0x28 ./HAL/EF_DS1307.o
                0x00001386                EF_void_DS1307_Init
 .text.EF_void_EEPROM24C16_Read_Byte
                0x000013ae       0x38 ./HAL/EF_E2PROM_24C16.o
                0x000013ae                EF_void_EEPROM24C16_Read_Byte
 .text.EF_void_EEPROM24C16_Write_Byte
                0x000013e6       0x36 ./HAL/EF_E2PROM_24C16.o
                0x000013e6                EF_void_EEPROM24C16_Write_Byte
 .text.EF_void_EEPROM24C16_Init
                0x0000141c        0x6 ./HAL/EF_E2PROM_24C16.o
                0x0000141c                EF_void_EEPROM24C16_Init
 .text.EF_u8_EEPROM24C64_Read_Byte
                0x00001422       0x6c ./HAL/EF_E2PROM_24C64.o
                0x00001422                EF_u8_EEPROM24C64_Read_Byte
 .text.EF_u8_EEPROM24C64_Write_Byte
                0x0000148e       0x60 ./HAL/EF_E2PROM_24C64.o
                0x0000148e                EF_u8_EEPROM24C64_Write_Byte
 .text.EF_void_EEPROM24C64_Init
                0x000014ee        0x6 ./HAL/EF_E2PROM_24C64.o
                0x000014ee                EF_void_EEPROM24C64_Init
 .text.EF_Green_Kit_Motor_test
                0x000014f4      0x100 ./HAL/EF_Green_hit_Test.o
                0x000014f4                EF_Green_Kit_Motor_test
 .text.EF_GREEN_KIT_TEST_Manual_Init
                0x000015f4       0x80 ./HAL/EF_Green_hit_Test.o
                0x000015f4                EF_GREEN_KIT_TEST_Manual_Init
 .text.EF_Green_Kit_KeyPad_test
                0x00001674      0x132 ./HAL/EF_Green_hit_Test.o
                0x00001674                EF_Green_Kit_KeyPad_test
 .text.EF_Green_Kit_EEPROM_24C16_Test
                0x000017a6      0x2e6 ./HAL/EF_Green_hit_Test.o
                0x000017a6                EF_Green_Kit_EEPROM_24C16_Test
 .text.EF_Green_Kit_DS1307_Test
                0x00001a8c      0x1fa ./HAL/EF_Green_hit_Test.o
                0x00001a8c                EF_Green_Kit_DS1307_Test
 .text.EF_Green_Kit_screen3
                0x00001c86      0x13e ./HAL/EF_Green_hit_Test.o
                0x00001c86                EF_Green_Kit_screen3
 .text.EF_Green_Kit_ADC_Test
                0x00001dc4      0x316 ./HAL/EF_Green_hit_Test.o
                0x00001dc4                EF_Green_Kit_ADC_Test
 .text.EF_Green_Kit_7Seg_Test
                0x000020da       0xde ./HAL/EF_Green_hit_Test.o
                0x000020da                EF_Green_Kit_7Seg_Test
 .text.EF_Green_Kit_screen2
                0x000021b8      0x13e ./HAL/EF_Green_hit_Test.o
                0x000021b8                EF_Green_Kit_screen2
 .text.EF_Green_Kit_Buzzer_test
                0x000022f6       0xea ./HAL/EF_Green_hit_Test.o
                0x000022f6                EF_Green_Kit_Buzzer_test
 .text.EF_Green_Kit_Leds_Relay_test
                0x000023e0      0x280 ./HAL/EF_Green_hit_Test.o
                0x000023e0                EF_Green_Kit_Leds_Relay_test
 .text.EF_Green_Kit_screen1
                0x00002660      0x13e ./HAL/EF_Green_hit_Test.o
                0x00002660                EF_Green_Kit_screen1
 .text.EF_GREEN_KIT_TEST_PROGRAMES
                0x0000279e      0x1e4 ./HAL/EF_Green_hit_Test.o
                0x0000279e                EF_GREEN_KIT_TEST_PROGRAMES
 .text.EF_GREEN_KIT_TEST_Inti
                0x00002982       0xae ./HAL/EF_Green_hit_Test.o
                0x00002982                EF_GREEN_KIT_TEST_Inti
 .text.EF_Timr0_Inter_Setup
                0x00002a30       0x14 ./HAL/EF_Health_Care.o
                0x00002a30                EF_Timr0_Inter_Setup
 .text.EF_Health_Care_Heart_Pulse_Read
                0x00002a44      0x3d8 ./HAL/EF_Health_Care.o
                0x00002a44                EF_Health_Care_Heart_Pulse_Read
 .text.EF_Health_Care_Temp_Read
                0x00002e1c      0x18e ./HAL/EF_Health_Care.o
                0x00002e1c                EF_Health_Care_Temp_Read
 .text.__vector_11
                0x00002faa       0xae ./HAL/EF_Health_Care.o
                0x00002faa                __vector_11
 .text.EF_Health_Care_system_int
                0x00003058        0x6 ./HAL/EF_Health_Care.o
                0x00003058                EF_Health_Care_system_int
 .text.EF_u8_KeyPad_Scan
                0x0000305e       0xe0 ./HAL/EF_Keypad.o
                0x0000305e                EF_u8_KeyPad_Scan
 .text.EF_void_KeyPad_Init
                0x0000313e       0x56 ./HAL/EF_Keypad.o
                0x0000313e                EF_void_KeyPad_Init
 .text.EF_void_LCD_send_command
                0x00003194       0x50 ./HAL/EF_LCD.o
                0x00003194                EF_void_LCD_send_command
 .text.EF_void_LCD_send_data
                0x000031e4       0x50 ./HAL/EF_LCD.o
                0x000031e4                EF_void_LCD_send_data
 .text.EF_void_LCD_goto
                0x00003234       0x42 ./HAL/EF_LCD.o
                0x00003234                EF_void_LCD_goto
 .text.EF_void_LCD_print
                0x00003276       0x26 ./HAL/EF_LCD.o
                0x00003276                EF_void_LCD_print
 .text.EF_void_LCD_print_ByLength
                0x0000329c       0x26 ./HAL/EF_LCD.o
                0x0000329c                EF_void_LCD_print_ByLength
 .text.EF_void_LCD_Clear_Screen
                0x000032c2       0x16 ./HAL/EF_LCD.o
                0x000032c2                EF_void_LCD_Clear_Screen
 .text.EF_void_uploadCustomChar
                0x000032d8       0x3c ./HAL/EF_LCD.o
                0x000032d8                EF_void_uploadCustomChar
 .text.EF_void_LCD_HextoASCII
                0x00003314       0x32 ./HAL/EF_LCD.o
                0x00003314                EF_void_LCD_HextoASCII
 .text.LCD_4BIT_Write_Init
                0x00003346       0x18 ./HAL/EF_LCD.o
                0x00003346                LCD_4BIT_Write_Init
 .text.EF_void_LCD_init
                0x0000335e       0x72 ./HAL/EF_LCD.o
                0x0000335e                EF_void_LCD_init
 .text.EF_void_LCD_Newline
                0x000033d0       0x10 ./HAL/EF_LCD.o
                0x000033d0                EF_void_LCD_Newline
 .text.EF_void_LCD_print_NUM
                0x000033e0       0x90 ./HAL/EF_LCD.o
                0x000033e0                EF_void_LCD_print_NUM
 .text.main     0x00003470       0x2e ./main.o
                0x00003470                main
 .text.avr-libc.fplib
                0x0000349e        0xa c:/winavr-20100110/bin/../lib/gcc/avr/4.3.3/../../../../avr/lib/avr5\libm.a(addsf3.o)
                0x0000349e                __subsf3
                0x000034a0                __addsf3
 .text.avr-libc.fplib
                0x000034a8       0xc0 c:/winavr-20100110/bin/../lib/gcc/avr/4.3.3/../../../../avr/lib/avr5\libm.a(addsf3x.o)
                0x000034c2                __addsf3x
 .text.avr-libc.fplib
                0x00003568        0x4 c:/winavr-20100110/bin/../lib/gcc/avr/4.3.3/../../../../avr/lib/avr5\libm.a(divsf3.o)
                0x00003568                __divsf3
 .text.avr-libc.fplib
                0x0000356c       0xcc c:/winavr-20100110/bin/../lib/gcc/avr/4.3.3/../../../../avr/lib/avr5\libm.a(divsf3x.o)
                0x00003582                __divsf3x
                0x00003586                __divsf3_pse
 .text.avr-libc.fplib
                0x00003638       0x58 c:/winavr-20100110/bin/../lib/gcc/avr/4.3.3/../../../../avr/lib/avr5\libm.a(fixunssfsi.o)
                0x00003638                __fixunssfsi
 .text.avr-libc.fplib
                0x00003690       0x7a c:/winavr-20100110/bin/../lib/gcc/avr/4.3.3/../../../../avr/lib/avr5\libm.a(floatsisf.o)
                0x00003694                __floatsisf
                0x00003690                __floatunsisf
 .text.avr-libc.fplib
                0x0000370a        0xc c:/winavr-20100110/bin/../lib/gcc/avr/4.3.3/../../../../avr/lib/avr5\libm.a(fp_inf.o)
                0x0000370a                __fp_inf
 .text.avr-libc.fplib
                0x00003716        0x6 c:/winavr-20100110/bin/../lib/gcc/avr/4.3.3/../../../../avr/lib/avr5\libm.a(fp_nan.o)
                0x00003716                __fp_nan
 .text.avr-libc.fplib
                0x0000371c        0xe c:/winavr-20100110/bin/../lib/gcc/avr/4.3.3/../../../../avr/lib/avr5\libm.a(fp_pscA.o)
                0x0000371c                __fp_pscA
 .text.avr-libc.fplib
                0x0000372a        0xe c:/winavr-20100110/bin/../lib/gcc/avr/4.3.3/../../../../avr/lib/avr5\libm.a(fp_pscB.o)
                0x0000372a                __fp_pscB
 .text.avr-libc.fplib
                0x00003738       0x22 c:/winavr-20100110/bin/../lib/gcc/avr/4.3.3/../../../../avr/lib/avr5\libm.a(fp_round.o)
                0x00003738                __fp_round
 .text.avr-libc.fplib
                0x0000375a       0x44 c:/winavr-20100110/bin/../lib/gcc/avr/4.3.3/../../../../avr/lib/avr5\libm.a(fp_split3.o)
                0x0000375a                __fp_split3
                0x0000376a                __fp_splitA
 .text.avr-libc.fplib
                0x0000379e        0xe c:/winavr-20100110/bin/../lib/gcc/avr/4.3.3/../../../../avr/lib/avr5\libm.a(fp_zero.o)
                0x0000379e                __fp_zero
                0x000037a0                __fp_szero
 .text.avr-libc.fplib
                0x000037ac        0x8 c:/winavr-20100110/bin/../lib/gcc/avr/4.3.3/../../../../avr/lib/avr5\libm.a(gesf2.o)
                0x000037ac                __gtsf2
                0x000037ac                __gesf2
 .text.avr-libc.fplib
                0x000037b4       0x8a c:/winavr-20100110/bin/../lib/gcc/avr/4.3.3/../../../../avr/lib/avr5\libm.a(log.o)
                0x000037be                log
 .text.avr-libc.fplib
                0x0000383e        0x4 c:/winavr-20100110/bin/../lib/gcc/avr/4.3.3/../../../../avr/lib/avr5\libm.a(mulsf3.o)
                0x0000383e                __mulsf3
 .text.avr-libc.fplib
                0x00003842       0xc2 c:/winavr-20100110/bin/../lib/gcc/avr/4.3.3/../../../../avr/lib/avr5\libm.a(mulsf3x.o)
                0x0000385a                __mulsf3_pse
                0x00003856                __mulsf3x
 .text.avr-libc.fplib
                0x00003904       0x48 c:/winavr-20100110/bin/../lib/gcc/avr/4.3.3/../../../../avr/lib/avr5\libm.a(fp_cmp.o)
                0x00003904                __fp_cmp
 .text.avr-libc.fplib
                0x0000394c       0x1c c:/winavr-20100110/bin/../lib/gcc/avr/4.3.3/../../../../avr/lib/avr5\libm.a(fp_mpack.o)
                0x00003950                __fp_mpack_finite
                0x0000394c                __fp_mpack
 .text.avr-libc.fplib
                0x00003968       0x4a c:/winavr-20100110/bin/../lib/gcc/avr/4.3.3/../../../../avr/lib/avr5\libm.a(fp_powser.o)
                0x00003968                __fp_powser
 .text.libgcc   0x000039b2       0x18 c:/winavr-20100110/bin/../lib/gcc/avr/4.3.3/avr5\libgcc.a(_udivmodqi4.o)
                0x000039b2                __udivmodqi4
 .text.libgcc   0x000039ca       0x28 c:/winavr-20100110/bin/../lib/gcc/avr/4.3.3/avr5\libgcc.a(_udivmodhi4.o)
                0x000039ca                __udivmodhi4
 .text.libgcc   0x000039f2       0x26 c:/winavr-20100110/bin/../lib/gcc/avr/4.3.3/avr5\libgcc.a(_divmodhi4.o)
                0x000039f2                __divmodhi4
                0x000039f2                _div
 .text.libgcc   0x00003a18       0x44 c:/winavr-20100110/bin/../lib/gcc/avr/4.3.3/avr5\libgcc.a(_udivmodsi4.o)
                0x00003a18                __udivmodsi4
 .text.libgcc   0x00003a5c        0x0 c:/winavr-20100110/bin/../lib/gcc/avr/4.3.3/avr5\libgcc.a(_exit.o)
 .text.libgcc   0x00003a5c        0x0 c:/winavr-20100110/bin/../lib/gcc/avr/4.3.3/avr5\libgcc.a(_copy_data.o)
 .text.libgcc   0x00003a5c        0x0 c:/winavr-20100110/bin/../lib/gcc/avr/4.3.3/avr5\libgcc.a(_clear_bss.o)
 .text.avr-libc
                0x00003a5c       0x42 c:/winavr-20100110/bin/../lib/gcc/avr/4.3.3/../../../../avr/lib/avr5\libc.a(itoa.o)
                0x00003a5c                itoa
 .text.avr-libc
                0x00003a9e       0x20 c:/winavr-20100110/bin/../lib/gcc/avr/4.3.3/../../../../avr/lib/avr5\libc.a(strrev.o)
                0x00003a9e                strrev
                0x00003abe                . = ALIGN (0x2)
 *(.fini9)
 .fini9         0x00003abe        0x0 c:/winavr-20100110/bin/../lib/gcc/avr/4.3.3/avr5\libgcc.a(_exit.o)
                0x00003abe                exit
                0x00003abe                _exit
 *(.fini9)
 *(.fini8)
 *(.fini8)
 *(.fini7)
 *(.fini7)
 *(.fini6)
 *(.fini6)
 *(.fini5)
 *(.fini5)
 *(.fini4)
 *(.fini4)
 *(.fini3)
 *(.fini3)
 *(.fini2)
 *(.fini2)
 *(.fini1)
 *(.fini1)
 *(.fini0)
 .fini0         0x00003abe        0x4 c:/winavr-20100110/bin/../lib/gcc/avr/4.3.3/avr5\libgcc.a(_exit.o)
 *(.fini0)
                0x00003ac2                _etext = .

.data           0x00800060      0x59a load address 0x00003ac2
                0x00800060                PROVIDE (__data_start, .)
 *(.data)
 .data          0x00800060        0x0 c:/winavr-20100110/bin/../lib/gcc/avr/4.3.3/../../../../avr/lib/avr5/crtm32.o
 .data          0x00800060        0x0 ./MCAL/EF_ADC.o
 .data          0x00800060        0x0 ./MCAL/EF_DIO.o
 .data          0x00800060        0x0 ./MCAL/EF_EEPROM.o
 .data          0x00800060        0x0 ./MCAL/EF_I2C.o
 .data          0x00800060        0x0 ./MCAL/EF_InputCapture.o
 .data          0x00800060        0x0 ./MCAL/EF_PWM.o
 .data          0x00800060        0x0 ./MCAL/EF_SPI.o
 .data          0x00800060        0x0 ./MCAL/EF_SpechialTIMER.o
 .data          0x00800060        0x0 ./MCAL/EF_Timer.o
 .data          0x00800060       0x26 ./MCAL/EF_UART.o
 .data          0x00800086        0x0 ./HAL/EF_7Segment.o
 .data          0x00800086        0x0 ./HAL/EF_DS1307.o
 .data          0x00800086        0x0 ./HAL/EF_E2PROM_24C16.o
 .data          0x00800086        0x0 ./HAL/EF_E2PROM_24C64.o
 .data          0x00800086      0x51d ./HAL/EF_Green_hit_Test.o
 .data          0x008005a3        0x0 ./HAL/EF_Health_Care.o
 .data          0x008005a3        0x0 ./HAL/EF_Keypad.o
 .data          0x008005a3        0x0 ./HAL/EF_LCD.o
 .data          0x008005a3        0x0 ./main.o
 .data          0x008005a3        0x0 c:/winavr-20100110/bin/../lib/gcc/avr/4.3.3/../../../../avr/lib/avr5\libm.a(addsf3.o)
 .data          0x008005a3        0x0 c:/winavr-20100110/bin/../lib/gcc/avr/4.3.3/../../../../avr/lib/avr5\libm.a(addsf3x.o)
 .data          0x008005a3        0x0 c:/winavr-20100110/bin/../lib/gcc/avr/4.3.3/../../../../avr/lib/avr5\libm.a(divsf3.o)
 .data          0x008005a3        0x0 c:/winavr-20100110/bin/../lib/gcc/avr/4.3.3/../../../../avr/lib/avr5\libm.a(divsf3x.o)
 .data          0x008005a3        0x0 c:/winavr-20100110/bin/../lib/gcc/avr/4.3.3/../../../../avr/lib/avr5\libm.a(fixunssfsi.o)
 .data          0x008005a3        0x0 c:/winavr-20100110/bin/../lib/gcc/avr/4.3.3/../../../../avr/lib/avr5\libm.a(floatsisf.o)
 .data          0x008005a3        0x0 c:/winavr-20100110/bin/../lib/gcc/avr/4.3.3/../../../../avr/lib/avr5\libm.a(fp_inf.o)
 .data          0x008005a3        0x0 c:/winavr-20100110/bin/../lib/gcc/avr/4.3.3/../../../../avr/lib/avr5\libm.a(fp_nan.o)
 .data          0x008005a3        0x0 c:/winavr-20100110/bin/../lib/gcc/avr/4.3.3/../../../../avr/lib/avr5\libm.a(fp_pscA.o)
 .data          0x008005a3        0x0 c:/winavr-20100110/bin/../lib/gcc/avr/4.3.3/../../../../avr/lib/avr5\libm.a(fp_pscB.o)
 .data          0x008005a3        0x0 c:/winavr-20100110/bin/../lib/gcc/avr/4.3.3/../../../../avr/lib/avr5\libm.a(fp_round.o)
 .data          0x008005a3        0x0 c:/winavr-20100110/bin/../lib/gcc/avr/4.3.3/../../../../avr/lib/avr5\libm.a(fp_split3.o)
 .data          0x008005a3        0x0 c:/winavr-20100110/bin/../lib/gcc/avr/4.3.3/../../../../avr/lib/avr5\libm.a(fp_zero.o)
 .data          0x008005a3        0x0 c:/winavr-20100110/bin/../lib/gcc/avr/4.3.3/../../../../avr/lib/avr5\libm.a(gesf2.o)
 .data          0x008005a3        0x0 c:/winavr-20100110/bin/../lib/gcc/avr/4.3.3/../../../../avr/lib/avr5\libm.a(log.o)
 .data          0x008005a3        0x0 c:/winavr-20100110/bin/../lib/gcc/avr/4.3.3/../../../../avr/lib/avr5\libm.a(mulsf3.o)
 .data          0x008005a3        0x0 c:/winavr-20100110/bin/../lib/gcc/avr/4.3.3/../../../../avr/lib/avr5\libm.a(mulsf3x.o)
 .data          0x008005a3        0x0 c:/winavr-20100110/bin/../lib/gcc/avr/4.3.3/../../../../avr/lib/avr5\libm.a(fp_cmp.o)
 .data          0x008005a3        0x0 c:/winavr-20100110/bin/../lib/gcc/avr/4.3.3/../../../../avr/lib/avr5\libm.a(fp_mpack.o)
 .data          0x008005a3        0x0 c:/winavr-20100110/bin/../lib/gcc/avr/4.3.3/../../../../avr/lib/avr5\libm.a(fp_powser.o)
 .data          0x008005a3        0x0 c:/winavr-20100110/bin/../lib/gcc/avr/4.3.3/avr5\libgcc.a(_udivmodqi4.o)
 .data          0x008005a3        0x0 c:/winavr-20100110/bin/../lib/gcc/avr/4.3.3/avr5\libgcc.a(_udivmodhi4.o)
 .data          0x008005a3        0x0 c:/winavr-20100110/bin/../lib/gcc/avr/4.3.3/avr5\libgcc.a(_divmodhi4.o)
 .data          0x008005a3        0x0 c:/winavr-20100110/bin/../lib/gcc/avr/4.3.3/avr5\libgcc.a(_udivmodsi4.o)
 .data          0x008005a3        0x0 c:/winavr-20100110/bin/../lib/gcc/avr/4.3.3/avr5\libgcc.a(_exit.o)
 .data          0x008005a3        0x0 c:/winavr-20100110/bin/../lib/gcc/avr/4.3.3/avr5\libgcc.a(_copy_data.o)
 .data          0x008005a3        0x0 c:/winavr-20100110/bin/../lib/gcc/avr/4.3.3/avr5\libgcc.a(_clear_bss.o)
 .data          0x008005a3        0x0 c:/winavr-20100110/bin/../lib/gcc/avr/4.3.3/../../../../avr/lib/avr5\libc.a(itoa.o)
 .data          0x008005a3        0x0 c:/winavr-20100110/bin/../lib/gcc/avr/4.3.3/../../../../avr/lib/avr5\libc.a(strrev.o)
 *(.data*)
 .data.Uart_Paraters
                0x008005a3        0xb ./HAL/EF_Green_hit_Test.o
                0x008005a3                Uart_Paraters
 .data.Data_lcd
                0x008005ae       0x28 ./HAL/EF_Green_hit_Test.o
                0x008005ae                Data_lcd
 .data.flag_t.1739
                0x008005d6        0x1 ./HAL/EF_Green_hit_Test.o
 .data.P        0x008005d7        0x2 ./HAL/EF_Health_Care.o
                0x008005d7                P
 .data.T        0x008005d9        0x2 ./HAL/EF_Health_Care.o
                0x008005d9                T
 .data.thresh   0x008005db        0x2 ./HAL/EF_Health_Care.o
                0x008005db                thresh
 .data.amp      0x008005dd        0x2 ./HAL/EF_Health_Care.o
                0x008005dd                amp
 .data.firstBeat
                0x008005df        0x1 ./HAL/EF_Health_Care.o
                0x008005df                firstBeat
 .data.secondBeat
                0x008005e0        0x1 ./HAL/EF_Health_Care.o
                0x008005e0                secondBeat
 .data.IBI      0x008005e1        0x2 ./HAL/EF_Health_Care.o
                0x008005e1                IBI
 .data.Uart_Paramters
                0x008005e3        0xb ./HAL/EF_Health_Care.o
                0x008005e3                Uart_Paramters
 *(.rodata)
 *(.rodata*)
 .rodata.uart_reg
                0x008005ee        0xc ./MCAL/EF_UART.o
                0x008005ee                uart_reg
 *(.gnu.linkonce.d*)
                0x008005fa                . = ALIGN (0x2)
                0x008005fa                _edata = .
                0x008005fa                PROVIDE (__data_end, .)

.bss            0x008005fa       0x72
                0x008005fa                PROVIDE (__bss_start, .)
 *(.bss)
 .bss           0x008005fa        0x0 c:/winavr-20100110/bin/../lib/gcc/avr/4.3.3/../../../../avr/lib/avr5/crtm32.o
 .bss           0x008005fa        0x0 ./MCAL/EF_ADC.o
 .bss           0x008005fa        0x0 ./MCAL/EF_DIO.o
 .bss           0x008005fa        0x0 ./MCAL/EF_EEPROM.o
 .bss           0x008005fa        0x0 ./MCAL/EF_I2C.o
 .bss           0x008005fa        0x0 ./MCAL/EF_InputCapture.o
 .bss           0x008005fa        0x0 ./MCAL/EF_PWM.o
 .bss           0x008005fa        0x0 ./MCAL/EF_SPI.o
 .bss           0x008005fa        0x0 ./MCAL/EF_SpechialTIMER.o
 .bss           0x008005fa        0x0 ./MCAL/EF_Timer.o
 .bss           0x008005fa        0x0 ./MCAL/EF_UART.o
 .bss           0x008005fa        0x0 ./HAL/EF_7Segment.o
 .bss           0x008005fa        0x0 ./HAL/EF_DS1307.o
 .bss           0x008005fa        0x0 ./HAL/EF_E2PROM_24C16.o
 .bss           0x008005fa        0x0 ./HAL/EF_E2PROM_24C64.o
 .bss           0x008005fa        0x0 ./HAL/EF_Green_hit_Test.o
 .bss           0x008005fa        0x0 ./HAL/EF_Health_Care.o
 .bss           0x008005fa        0x0 ./HAL/EF_Keypad.o
 .bss           0x008005fa        0x0 ./HAL/EF_LCD.o
 .bss           0x008005fa        0x0 ./main.o
 .bss           0x008005fa        0x0 c:/winavr-20100110/bin/../lib/gcc/avr/4.3.3/../../../../avr/lib/avr5\libm.a(addsf3.o)
 .bss           0x008005fa        0x0 c:/winavr-20100110/bin/../lib/gcc/avr/4.3.3/../../../../avr/lib/avr5\libm.a(addsf3x.o)
 .bss           0x008005fa        0x0 c:/winavr-20100110/bin/../lib/gcc/avr/4.3.3/../../../../avr/lib/avr5\libm.a(divsf3.o)
 .bss           0x008005fa        0x0 c:/winavr-20100110/bin/../lib/gcc/avr/4.3.3/../../../../avr/lib/avr5\libm.a(divsf3x.o)
 .bss           0x008005fa        0x0 c:/winavr-20100110/bin/../lib/gcc/avr/4.3.3/../../../../avr/lib/avr5\libm.a(fixunssfsi.o)
 .bss           0x008005fa        0x0 c:/winavr-20100110/bin/../lib/gcc/avr/4.3.3/../../../../avr/lib/avr5\libm.a(floatsisf.o)
 .bss           0x008005fa        0x0 c:/winavr-20100110/bin/../lib/gcc/avr/4.3.3/../../../../avr/lib/avr5\libm.a(fp_inf.o)
 .bss           0x008005fa        0x0 c:/winavr-20100110/bin/../lib/gcc/avr/4.3.3/../../../../avr/lib/avr5\libm.a(fp_nan.o)
 .bss           0x008005fa        0x0 c:/winavr-20100110/bin/../lib/gcc/avr/4.3.3/../../../../avr/lib/avr5\libm.a(fp_pscA.o)
 .bss           0x008005fa        0x0 c:/winavr-20100110/bin/../lib/gcc/avr/4.3.3/../../../../avr/lib/avr5\libm.a(fp_pscB.o)
 .bss           0x008005fa        0x0 c:/winavr-20100110/bin/../lib/gcc/avr/4.3.3/../../../../avr/lib/avr5\libm.a(fp_round.o)
 .bss           0x008005fa        0x0 c:/winavr-20100110/bin/../lib/gcc/avr/4.3.3/../../../../avr/lib/avr5\libm.a(fp_split3.o)
 .bss           0x008005fa        0x0 c:/winavr-20100110/bin/../lib/gcc/avr/4.3.3/../../../../avr/lib/avr5\libm.a(fp_zero.o)
 .bss           0x008005fa        0x0 c:/winavr-20100110/bin/../lib/gcc/avr/4.3.3/../../../../avr/lib/avr5\libm.a(gesf2.o)
 .bss           0x008005fa        0x0 c:/winavr-20100110/bin/../lib/gcc/avr/4.3.3/../../../../avr/lib/avr5\libm.a(log.o)
 .bss           0x008005fa        0x0 c:/winavr-20100110/bin/../lib/gcc/avr/4.3.3/../../../../avr/lib/avr5\libm.a(mulsf3.o)
 .bss           0x008005fa        0x0 c:/winavr-20100110/bin/../lib/gcc/avr/4.3.3/../../../../avr/lib/avr5\libm.a(mulsf3x.o)
 .bss           0x008005fa        0x0 c:/winavr-20100110/bin/../lib/gcc/avr/4.3.3/../../../../avr/lib/avr5\libm.a(fp_cmp.o)
 .bss           0x008005fa        0x0 c:/winavr-20100110/bin/../lib/gcc/avr/4.3.3/../../../../avr/lib/avr5\libm.a(fp_mpack.o)
 .bss           0x008005fa        0x0 c:/winavr-20100110/bin/../lib/gcc/avr/4.3.3/../../../../avr/lib/avr5\libm.a(fp_powser.o)
 .bss           0x008005fa        0x0 c:/winavr-20100110/bin/../lib/gcc/avr/4.3.3/avr5\libgcc.a(_udivmodqi4.o)
 .bss           0x008005fa        0x0 c:/winavr-20100110/bin/../lib/gcc/avr/4.3.3/avr5\libgcc.a(_udivmodhi4.o)
 .bss           0x008005fa        0x0 c:/winavr-20100110/bin/../lib/gcc/avr/4.3.3/avr5\libgcc.a(_divmodhi4.o)
 .bss           0x008005fa        0x0 c:/winavr-20100110/bin/../lib/gcc/avr/4.3.3/avr5\libgcc.a(_udivmodsi4.o)
 .bss           0x008005fa        0x0 c:/winavr-20100110/bin/../lib/gcc/avr/4.3.3/avr5\libgcc.a(_exit.o)
 .bss           0x008005fa        0x0 c:/winavr-20100110/bin/../lib/gcc/avr/4.3.3/avr5\libgcc.a(_copy_data.o)
 .bss           0x008005fa        0x0 c:/winavr-20100110/bin/../lib/gcc/avr/4.3.3/avr5\libgcc.a(_clear_bss.o)
 .bss           0x008005fa        0x0 c:/winavr-20100110/bin/../lib/gcc/avr/4.3.3/../../../../avr/lib/avr5\libc.a(itoa.o)
 .bss           0x008005fa        0x0 c:/winavr-20100110/bin/../lib/gcc/avr/4.3.3/../../../../avr/lib/avr5\libc.a(strrev.o)
 *(.bss*)
 .bss.timers_list
                0x008005fa       0x3c ./MCAL/EF_SpechialTIMER.o
 .bss.voidFuncPtr
                0x00800636        0x2 ./MCAL/EF_Timer.o
 .bss.Final_Data.1916
                0x00800638        0x2 ./HAL/EF_Green_hit_Test.o
 .bss.Counter.1915
                0x0080063a        0x1 ./HAL/EF_Green_hit_Test.o
 .bss.Datatemp.1914
                0x0080063b        0x2 ./HAL/EF_Green_hit_Test.o
 .bss.flag_d.1738
                0x0080063d        0x1 ./HAL/EF_Green_hit_Test.o
 .bss.flag_a.1737
                0x0080063e        0x1 ./HAL/EF_Green_hit_Test.o
 .bss.TempValue.1736
                0x0080063f        0x1 ./HAL/EF_Green_hit_Test.o
 .bss.sampleCounter
                0x00800640        0x4 ./HAL/EF_Health_Care.o
                0x00800640                sampleCounter
 .bss.lastBeatTime
                0x00800644        0x4 ./HAL/EF_Health_Care.o
                0x00800644                lastBeatTime
 .bss.Signal    0x00800648        0x2 ./HAL/EF_Health_Care.o
                0x00800648                Signal
 .bss.Pulse     0x0080064a        0x1 ./HAL/EF_Health_Care.o
                0x0080064a                Pulse
 .bss.QS        0x0080064b        0x1 ./HAL/EF_Health_Care.o
                0x0080064b                QS
 .bss.runningTotal
                0x0080064c        0x4 ./HAL/EF_Health_Care.o
                0x0080064c                runningTotal
 .bss.N         0x00800650        0x2 ./HAL/EF_Health_Care.o
                0x00800650                N
 .bss.Temprature
                0x00800652        0x4 ./HAL/EF_Health_Care.o
                0x00800652                Temprature
 *(COMMON)
 COMMON         0x00800656       0x16 ./HAL/EF_Health_Care.o
                0x00800656                rate
                0x0080066a                BPM
                0x0080066c                PROVIDE (__bss_end, .)
                0x00003ac2                __data_load_start = LOADADDR (.data)
                0x0000405c                __data_load_end = (__data_load_start + SIZEOF (.data))

.noinit         0x0080066c        0x0
                0x0080066c                PROVIDE (__noinit_start, .)
 *(.noinit*)
                0x0080066c                PROVIDE (__noinit_end, .)
                0x0080066c                _end = .
                0x0080066c                PROVIDE (__heap_start, .)

.eeprom         0x00810000        0x0
 *(.eeprom*)
                0x00810000                __eeprom_end = .

.fuse
 *(.fuse)
 *(.lfuse)
 *(.hfuse)
 *(.efuse)

.lock
 *(.lock*)

.signature
 *(.signature*)

.stab
 *(.stab)

.stabstr
 *(.stabstr)

.stab.excl
 *(.stab.excl)

.stab.exclstr
 *(.stab.exclstr)

.stab.index
 *(.stab.index)

.stab.indexstr
 *(.stab.indexstr)

.comment
 *(.comment)

.debug
 *(.debug)

.line
 *(.line)

.debug_srcinfo
 *(.debug_srcinfo)

.debug_sfnames
 *(.debug_sfnames)

.debug_aranges
 *(.debug_aranges)

.debug_pubnames
 *(.debug_pubnames)

.debug_info
 *(.debug_info)
 *(.gnu.linkonce.wi.*)

.debug_abbrev
 *(.debug_abbrev)

.debug_line
 *(.debug_line)

.debug_frame
 *(.debug_frame)

.debug_str
 *(.debug_str)

.debug_loc
 *(.debug_loc)

.debug_macinfo
 *(.debug_macinfo)
OUTPUT(Health_FAB_Care.elf elf32-avr)
LOAD linker stubs
